
Allocating common symbols
Common symbol       size              file

netbufpool          0x4               binaries/net.o
readylist           0x2               binaries/ready.o
rag                 0xbd10            binaries/initialize.o
rfltab              0x5a0             binaries/rflinit.o
netportseed         0x8               binaries/net.o
sleepq              0x2               binaries/clkinit.o
nnames              0x4               binaries/naminit.o
udptab              0x168             binaries/udp.o
minheap             0x4               binaries/meminit.o
marks               0x50              binaries/mark.o
currpid             0x4               binaries/initialize.o
Lf_data             0x20c             binaries/lfsinit.o
porttab             0x2d0             binaries/ptinit.o
girmask             0x2               binaries/evec.o
ttytab              0x110             binaries/ttyinit.o
proctab             0x15e0            binaries/initialize.o
prcount             0x4               binaries/initialize.o
lfltab              0xf00             binaries/lflinit.o
rdstab              0x8c              binaries/rdsinit.o
ethertab            0x130             binaries/ethinit.o
NetData             0xb0              binaries/net.o
nmarks              0x4               binaries/mark.o
initsp              0x4               binaries/i386.o
Defer               0x8               binaries/resched.o
semtab              0x4b0             binaries/initialize.o
maxheap             0x4               binaries/meminit.o
preempt             0x4               binaries/clkinit.o
buftab              0xf0              binaries/bufinit.o
Rf_data             0x18              binaries/rfsinit.o
mylock              0x10              binaries/main.o
mkmutex             0x4               binaries/mark.o
clktime             0x4               binaries/clkinit.o
arpcache            0x140             binaries/arp.o
icmptab             0x230             binaries/icmp.o
nbpools             0x4               binaries/bufinit.o
queuetab            0x980             binaries/queue.o
locktab             0x78              binaries/initialize.o
ptnextid            0x4               binaries/ptinit.o
Ram                 0x19000           binaries/raminit.o
ipoqueue            0x2c              binaries/ip.o
printer_lock        0x4               binaries/main.o
memlist             0x8               binaries/initialize.o
nametab             0x19a0            binaries/naminit.o
ptfree              0x4               binaries/ptinit.o

Memory Configuration

Name             Origin             Length             Attributes
*default*        0x0000000000000000 0xffffffffffffffff

Linker script and memory map

                0x0000000000100000                physbase = 0x100000
                0x0000000000100000                . = physbase
                0x0000000000100000                . = ALIGN (0x1000)

.text           0x0000000000100000    0x1b000
                0x0000000000100000                text = ABSOLUTE (.)
 *(.text .text.*)
 .text          0x0000000000100000      0x165 binaries/start.o
                0x0000000000100020                entry
                0x000000000010003d                start
                0x00000000001000a5                inb
                0x00000000001000ad                inw
                0x00000000001000b6                inl
                0x00000000001000be                outb
                0x00000000001000c8                outw
                0x00000000001000d3                outl
                0x00000000001000dd                _rtcin
                0x00000000001000e8                ___udivsi3
                0x00000000001000f3                ___divsi3
                0x00000000001000ff                sbzero
                0x000000000010010f                bcopy
                0x0000000000100123                insw
                0x0000000000100139                outsw
                0x000000000010014f                lidt
                0x0000000000100157                jumptocode
                0x000000000010015e                jumptobootcode
 .text          0x0000000000100165      0x3e3 binaries/ascdate.o
                0x0000000000100165                ascdate
 .text          0x0000000000100548       0x14 binaries/bufinit.o
                0x0000000000100548                bufinit
 .text          0x000000000010055c       0x94 binaries/chprio.o
                0x000000000010055c                chprio
 .text          0x00000000001005f0       0x96 binaries/clkhandler.o
                0x00000000001005f0                clkhandler
 .text          0x0000000000100686       0x7e binaries/clkinit.o
                0x0000000000100686                clkinit
 .text          0x0000000000100704       0x75 binaries/close.o
                0x0000000000100704                close
 .text          0x0000000000100779        0x0 binaries/conf.o
 .text          0x0000000000100779       0x7b binaries/control.o
                0x0000000000100779                control
 .text          0x00000000001007f4      0x2c0 binaries/create.o
                0x00000000001007f4                create
 .text          0x0000000000100ab4      0x74a binaries/deadlock.o
                0x0000000000100ab4                rag_request
                0x0000000000100ae5                rag_alloc
                0x0000000000100b42                rag_dealloc
                0x0000000000100b73                deadlock_detect
                0x0000000000100c6b                printAdjacent
                0x0000000000100e2f                isCycle
                0x00000000001010b4                deadlock_recover
 .text          0x00000000001011fe      0x359 binaries/evec.o
                0x00000000001011fe                initevec
                0x0000000000101255                set_evec
                0x00000000001012f7                trap
 .text          0x0000000000101557       0x19 binaries/exit.o
                0x0000000000101557                exit
 .text          0x0000000000101570       0x8c binaries/freebuf.o
                0x0000000000101570                freebuf
 .text          0x00000000001015fc      0x172 binaries/freemem.o
                0x00000000001015fc                freemem
 .text          0x000000000010176e       0x8a binaries/getbuf.o
                0x000000000010176e                getbuf
 .text          0x00000000001017f8       0x75 binaries/getc.o
                0x00000000001017f8                getc
 .text          0x000000000010186d       0x74 binaries/getdev.o
                0x000000000010186d                getdev
 .text          0x00000000001018e1       0xd0 binaries/getitem.o
                0x00000000001018e1                getfirst
                0x0000000000101926                getlast
                0x000000000010196d                getitem
 .text          0x00000000001019b1      0x10a binaries/getmem.o
                0x00000000001019b1                getmem
 .text          0x0000000000101abb        0xa binaries/getpid.o
                0x0000000000101abb                getpid
 .text          0x0000000000101ac5       0x7d binaries/getprio.o
                0x0000000000101ac5                getprio
 .text          0x0000000000101b42       0xfb binaries/getstk.o
                0x0000000000101b42                getstk
 .text          0x0000000000101c3d       0x16 binaries/getticks.o
                0x0000000000101c3d                getticks
 .text          0x0000000000101c53       0x3a binaries/gettime.o
                0x0000000000101c53                gettime
 .text          0x0000000000101c8d      0x1e4 binaries/getutime.o
                0x0000000000101c8d                getutime
 .text          0x0000000000101e71      0x3c5 binaries/i386.o
                0x0000000000101e71                setsegs
                0x0000000000101f83                init8259
                0x0000000000102035                pseg
                0x00000000001021dd                setirmask
 .text          0x0000000000102236       0x75 binaries/init.o
                0x0000000000102236                init
 .text          0x00000000001022ab      0x45d binaries/initialize.o
                0x00000000001022ab                nulluser
                0x00000000001026af                stop
                0x00000000001026da                delay
 .text          0x0000000000102708       0xde binaries/insert.o
                0x0000000000102708                insert
 .text          0x00000000001027e6      0x110 binaries/insertd.o
                0x00000000001027e6                insertd
 .text          0x00000000001028f6        0xa binaries/ioerr.o
                0x00000000001028f6                ioerr
 .text          0x0000000000102900        0xa binaries/ionull.o
                0x0000000000102900                ionull
 .text          0x000000000010290a      0x19d binaries/kill.o
                0x000000000010290a                kill
 .text          0x0000000000102aa7      0x14e binaries/kprintf.o
                0x0000000000102aa7                kputc
                0x0000000000102b3a                kgetc
                0x0000000000102bcb                kprintf
 .text          0x0000000000102bf5      0x358 binaries/lock.o
                0x0000000000102bf5                lock_create
                0x0000000000102c90                lock_delete
                0x0000000000102d91                acquire
                0x0000000000102e96                release
 .text          0x0000000000102f4d      0x27b binaries/main.o
                0x0000000000102f4d                holdup
                0x0000000000102f6f                work
                0x0000000000102fc2                worker
                0x000000000010309c                main
 .text          0x00000000001031c8       0xb5 binaries/mark.o
                0x00000000001031c8                markinit
                0x00000000001031ec                mark
 .text          0x000000000010327d       0xcc binaries/meminit.o
                0x000000000010327d                meminit
 .text          0x0000000000103349      0x174 binaries/mkbufpool.o
                0x0000000000103349                mkbufpool
 .text          0x00000000001034bd       0x2a binaries/mutex.o
                0x00000000001034bd                mutex_lock
                0x00000000001034d9                mutex_unlock
 .text          0x00000000001034e7       0x94 binaries/newqueue.o
                0x00000000001034e7                newqueue
 .text          0x000000000010357b       0x7b binaries/open.o
                0x000000000010357b                open
 .text          0x00000000001035f6       0x20 binaries/panic.o
                0x00000000001035f6                panic
 .text          0x0000000000103616      0x489 binaries/pci.o
                0x0000000000103616                pci_init
                0x00000000001038d3                find_pci_device
                0x0000000000103921                pci_bios_read_config_byte
                0x0000000000103960                pci_bios_read_config_word
                0x00000000001039a2                pci_bios_read_config_dword
                0x00000000001039e1                pci_bios_write_config_byte
                0x0000000000103a22                pci_bios_write_config_word
                0x0000000000103a64                pci_bios_write_config_dword
 .text          0x0000000000103a9f       0xf1 binaries/ptclear.o
                0x0000000000103a9f                _ptclear
 .text          0x0000000000103b90       0x9d binaries/ptcount.o
                0x0000000000103b90                ptcount
 .text          0x0000000000103c2d      0x116 binaries/ptcreate.o
                0x0000000000103c2d                ptcreate
 .text          0x0000000000103d43       0x7f binaries/ptdelete.o
                0x0000000000103d43                ptdelete
 .text          0x0000000000103dc2       0xbf binaries/ptinit.o
                0x0000000000103dc2                ptinit
 .text          0x0000000000103e81      0x11b binaries/ptrecv.o
                0x0000000000103e81                ptrecv
 .text          0x0000000000103f9c       0x77 binaries/ptreset.o
                0x0000000000103f9c                ptreset
 .text          0x0000000000104013      0x13d binaries/ptsend.o
                0x0000000000104013                ptsend
 .text          0x0000000000104150       0x80 binaries/putc.o
                0x0000000000104150                putc
 .text          0x00000000001041d0      0x111 binaries/queue.o
                0x00000000001041d0                enqueue
                0x0000000000104274                dequeue
 .text          0x00000000001042e1       0x7b binaries/read.o
                0x00000000001042e1                read
 .text          0x000000000010435c       0x7e binaries/ready.o
                0x000000000010435c                ready
 .text          0x00000000001043da       0x62 binaries/receive.o
                0x00000000001043da                receive
 .text          0x000000000010443c       0x5e binaries/recvclr.o
                0x000000000010443c                recvclr
 .text          0x000000000010449a       0xbd binaries/recvtime.o
                0x000000000010449a                recvtime
 .text          0x0000000000104557      0x16c binaries/resched.o
                0x0000000000104557                resched
                0x000000000010464e                resched_cntl
 .text          0x00000000001046c3       0xb1 binaries/resume.o
                0x00000000001046c3                resume
 .text          0x0000000000104774       0x79 binaries/seek.o
                0x0000000000104774                seek
 .text          0x00000000001047ed       0x70 binaries/semcount.o
                0x00000000001047ed                semcount
 .text          0x000000000010485d       0xd6 binaries/semcreate.o
                0x000000000010485d                semcreate
 .text          0x0000000000104933       0xcd binaries/semdelete.o
                0x0000000000104933                semdelete
 .text          0x0000000000104a00       0xcb binaries/semreset.o
                0x0000000000104a00                semreset
 .text          0x0000000000104acb       0xed binaries/send.o
                0x0000000000104acb                send
 .text          0x0000000000104bb8       0xa8 binaries/signal.o
                0x0000000000104bb8                signal
 .text          0x0000000000104c60       0xd6 binaries/signaln.o
                0x0000000000104c60                signaln
 .text          0x0000000000104d36       0xed binaries/sleep.o
                0x0000000000104d36                sleep
                0x0000000000104d84                sleepms
 .text          0x0000000000104e23      0x192 binaries/stacktrace.o
                0x0000000000104e23                stacktrace
 .text          0x0000000000104fb5       0xe7 binaries/suspend.o
                0x0000000000104fb5                suspend
 .text          0x000000000010509c       0xe9 binaries/unsleep.o
                0x000000000010509c                unsleep
 .text          0x0000000000105185       0x19 binaries/userret.o
                0x0000000000105185                userret
 .text          0x000000000010519e       0xdd binaries/wait.o
                0x000000000010519e                wait
 .text          0x000000000010527b       0x72 binaries/wakeup.o
                0x000000000010527b                wakeup
 .text          0x00000000001052ed       0x7b binaries/write.o
                0x00000000001052ed                write
 .text          0x0000000000105368       0x1d binaries/xdone.o
                0x0000000000105368                xdone
 .text          0x0000000000105385       0x28 binaries/yield.o
                0x0000000000105385                yield
 .text          0x00000000001053ad       0x11 binaries/abs.o
                0x00000000001053ad                abs
 .text          0x00000000001053be       0x8f binaries/atoi.o
                0x00000000001053be                atoi
 .text          0x000000000010544d       0x8f binaries/atol.o
                0x000000000010544d                atol
 .text          0x00000000001054dc       0x31 binaries/bzero.o
                0x00000000001054dc                bzero
 .text          0x000000000010550d        0x0 binaries/ctype_.o
 .text          0x000000000010550d      0x8ed binaries/doprnt.o
                0x000000000010550d                _doprnt
 .text          0x0000000000105dfa      0x65c binaries/doscan.o
                0x0000000000105dfa                _doscan
 .text          0x0000000000106456      0x711 binaries/fdoprnt.o
                0x0000000000106456                _fdoprnt
 .text          0x0000000000106b67       0x29 binaries/fgetc.o
                0x0000000000106b67                fgetc
 .text          0x0000000000106b90       0x75 binaries/fgets.o
                0x0000000000106b90                fgets
 .text          0x0000000000106c05       0x2a binaries/fprintf.o
                0x0000000000106c05                fprintf
 .text          0x0000000000106c2f       0x2c binaries/fputc.o
                0x0000000000106c2f                fputc
 .text          0x0000000000106c5b       0x43 binaries/fputs.o
                0x0000000000106c5b                fputs
 .text          0x0000000000106c9e       0x8a binaries/fscanf.o
                0x0000000000106c9e                fscanf
 .text          0x0000000000106d28       0x32 binaries/getchar.o
                0x0000000000106d28                getchar
 .text          0x0000000000106d5a       0x11 binaries/labs.o
                0x0000000000106d5a                labs
 .text          0x0000000000106d6b        0x0 binaries/memchr.o
 .text          0x0000000000106d6b       0x51 binaries/memcmp.o
                0x0000000000106d6b                memcmp
 .text          0x0000000000106dbc       0x3f binaries/memcpy.o
                0x0000000000106dbc                memcpy
 .text          0x0000000000106dfb       0x30 binaries/memset.o
                0x0000000000106dfb                memset
 .text          0x0000000000106e2b       0x48 binaries/printf.o
                0x0000000000106e2b                printf
 .text          0x0000000000106e73       0x35 binaries/putchar.o
                0x0000000000106e73                putchar
 .text          0x0000000000106ea8      0x27e binaries/qsort.o
                0x0000000000106ea8                qsort
 .text          0x0000000000107126       0x63 binaries/rand.o
                0x0000000000107126                rand
                0x000000000010713e                rand_r
                0x000000000010717c                srand
 .text          0x0000000000107189       0x66 binaries/sprintf.o
                0x0000000000107189                sprintf
 .text          0x00000000001071ef       0x70 binaries/sscanf.o
                0x00000000001071ef                sscanf
 .text          0x000000000010725f       0x3c binaries/strchr.o
                0x000000000010725f                strchr
 .text          0x000000000010729b       0x45 binaries/strcmp.o
                0x000000000010729b                strcmp
 .text          0x00000000001072e0       0x27 binaries/strcpy.o
                0x00000000001072e0                strcpy
 .text          0x0000000000107307       0x26 binaries/strlen.o
                0x0000000000107307                strlen
 .text          0x000000000010732d       0x56 binaries/strncat.o
                0x000000000010732d                strncat
 .text          0x0000000000107383       0x5f binaries/strncmp.o
                0x0000000000107383                strncmp
 .text          0x00000000001073e2       0x4f binaries/strncpy.o
                0x00000000001073e2                strncpy
 .text          0x0000000000107431       0x2e binaries/strnlen.o
                0x0000000000107431                strnlen
 .text          0x000000000010745f       0x45 binaries/strrchr.o
                0x000000000010745f                strrchr
 .text          0x00000000001074a4       0x6d binaries/strstr.o
                0x00000000001074a4                strstr
 .text          0x0000000000107511       0xe4 binaries/ttycontrol.o
                0x0000000000107511                ttycontrol
 .text          0x00000000001075f5       0x97 binaries/ttygetc.o
                0x00000000001075f5                ttygetc
 .text          0x000000000010768c      0x6ee binaries/ttyhandle_in.o
                0x000000000010768c                ttyhandle_in
 .text          0x0000000000107d7a      0x1ae binaries/ttyhandle_out.o
                0x0000000000107d7a                ttyhandle_out
 .text          0x0000000000107f28       0xce binaries/ttyhandler.o
                0x0000000000107f28                ttyhandler
 .text          0x0000000000107ff6      0x22f binaries/ttyinit.o
                0x0000000000107ff6                ttyinit
 .text          0x0000000000108225       0x1b binaries/ttykickout.o
                0x0000000000108225                ttykickout
 .text          0x0000000000108240       0xb7 binaries/ttyputc.o
                0x0000000000108240                ttyputc
 .text          0x00000000001082f7      0x11b binaries/ttyread.o
                0x00000000001082f7                ttyread
 .text          0x0000000000108412       0x4f binaries/ttywrite.o
                0x0000000000108412                ttywrite
 .text          0x0000000000108461      0x14b binaries/mount.o
                0x0000000000108461                mount
                0x0000000000108576                namlen
 .text          0x00000000001085ac      0x1ea binaries/naminit.o
                0x00000000001085ac                naminit
 .text          0x0000000000108796      0x211 binaries/nammap.o
                0x0000000000108796                nammap
                0x0000000000108821                namrepl
                0x0000000000108957                namcpy
 .text          0x00000000001089a7       0x4e binaries/namopen.o
                0x00000000001089a7                namopen
 .text          0x00000000001089f5      0xec3 binaries/82545EMInit.o
                0x0000000000108a53                _82545EMInit
                0x0000000000109724                _82545EM_read_phy_reg
                0x00000000001097ea                _82545EM_write_phy_reg
 .text          0x00000000001098b8      0x241 binaries/ethcontrol.o
                0x0000000000109916                ethcontrol
                0x0000000000109a8c                ethIrqDisable
                0x0000000000109ac1                ethIrqEnable
 .text          0x0000000000109af9      0x252 binaries/ethhandler.o
                0x0000000000109c69                ethhandler
 .text          0x0000000000109d4b      0x126 binaries/ethinit.o
                0x0000000000109d4b                ethinit
 .text          0x0000000000109e71      0x1f4 binaries/ethread.o
                0x0000000000109ecf                ethread
 .text          0x000000000010a065      0x19f binaries/ethwrite.o
                0x000000000010a0c3                ethwrite
 .text          0x000000000010a204       0x9e binaries/rdsbufalloc.o
                0x000000000010a204                rdsbufalloc
 .text          0x000000000010a2a2       0xcc binaries/rdsclose.o
                0x000000000010a2a2                rdsclose
 .text          0x000000000010a36e      0x2e8 binaries/rdscomm.o
                0x000000000010a36e                rdscomm
 .text          0x000000000010a656      0x233 binaries/rdscontrol.o
                0x000000000010a656                rdscontrol
 .text          0x000000000010a889      0x1f3 binaries/rdsinit.o
                0x000000000010a889                rdsinit
 .text          0x000000000010aa7c      0x19b binaries/rdsopen.o
                0x000000000010aa7c                rdsopen
 .text          0x000000000010ac17      0x461 binaries/rdsprocess.o
                0x000000000010ac17                rdsprocess
 .text          0x000000000010b078      0x259 binaries/rdsread.o
                0x000000000010b078                rdsread
 .text          0x000000000010b2d1      0x1fe binaries/rdswrite.o
                0x000000000010b2d1                rdswrite
 .text          0x000000000010b4cf        0xa binaries/ramclose.o
                0x000000000010b4cf                ramclose
 .text          0x000000000010b4d9       0x3e binaries/raminit.o
                0x000000000010b4d9                raminit
 .text          0x000000000010b517        0xa binaries/ramopen.o
                0x000000000010b517                ramopen
 .text          0x000000000010b521       0x32 binaries/ramread.o
                0x000000000010b521                ramread
 .text          0x000000000010b553       0x32 binaries/ramwrite.o
                0x000000000010b553                ramwrite
 .text          0x000000000010b585       0x98 binaries/lfdballoc.o
                0x000000000010b585                lfdballoc
 .text          0x000000000010b61d       0x58 binaries/lfdbfree.o
                0x000000000010b61d                lfdbfree
 .text          0x000000000010b675       0xb6 binaries/lfflush.o
                0x000000000010b675                lfflush
 .text          0x000000000010b72b       0xd8 binaries/lfgetmode.o
                0x000000000010b72b                lfgetmode
 .text          0x000000000010b803       0x68 binaries/lfiballoc.o
                0x000000000010b803                lfiballoc
 .text          0x000000000010b86b       0x3b binaries/lfibclear.o
                0x000000000010b86b                lfibclear
 .text          0x000000000010b8a6       0xad binaries/lfibget.o
                0x000000000010b8a6                lfibget
 .text          0x000000000010b953       0xdc binaries/lfibput.o
                0x000000000010b953                lfibput
 .text          0x000000000010ba2f       0xa2 binaries/lflclose.o
                0x000000000010ba2f                lflclose
 .text          0x000000000010bad1       0xd0 binaries/lflcontrol.o
                0x000000000010bad1                lflcontrol
 .text          0x000000000010bba1       0xf2 binaries/lflgetc.o
                0x000000000010bba1                lflgetc
 .text          0x000000000010bc93       0xf1 binaries/lflinit.o
                0x000000000010bc93                lflinit
 .text          0x000000000010bd84      0x122 binaries/lflputc.o
                0x000000000010bd84                lflputc
 .text          0x000000000010bea6       0x70 binaries/lflread.o
                0x000000000010bea6                lflread
 .text          0x000000000010bf16       0xac binaries/lflseek.o
                0x000000000010bf16                lflseek
 .text          0x000000000010bfc2       0x55 binaries/lflwrite.o
                0x000000000010bfc2                lflwrite
 .text          0x000000000010c017       0x62 binaries/lfscheck.o
                0x000000000010c017                lfscheck
 .text          0x000000000010c079      0x175 binaries/lfsckfmt.o
                0x000000000010c079                lfsckfmt
 .text          0x000000000010c1ee      0x1ad binaries/lfscreate.o
                0x000000000010c1ee                lfscreate
 .text          0x000000000010c39b      0x278 binaries/lfsetup.o
                0x000000000010c39b                lfsetup
 .text          0x000000000010c613       0x51 binaries/lfsinit.o
                0x000000000010c613                lfsinit
 .text          0x000000000010c664      0x3c0 binaries/lfsopen.o
                0x000000000010c664                lfsopen
 .text          0x000000000010ca24      0x15e binaries/lftruncate.o
                0x000000000010ca24                lftruncate
 .text          0x000000000010cb82       0x71 binaries/rflclose.o
                0x000000000010cb82                rflclose
 .text          0x000000000010cbf3       0x32 binaries/rflgetc.o
                0x000000000010cbf3                rflgetc
 .text          0x000000000010cc25       0x76 binaries/rflinit.o
                0x000000000010cc25                rflinit
 .text          0x000000000010cc9b       0x33 binaries/rflputc.o
                0x000000000010cc9b                rflputc
 .text          0x000000000010ccce      0x360 binaries/rflread.o
                0x000000000010ccce                rflread
 .text          0x000000000010d02e       0x74 binaries/rflseek.o
                0x000000000010d02e                rflseek
 .text          0x000000000010d0a2      0x34d binaries/rflwrite.o
                0x000000000010d0a2                rflwrite
 .text          0x000000000010d3ef      0x1e2 binaries/rfscomm.o
                0x000000000010d3ef                rfscomm
 .text          0x000000000010d5d1      0x26d binaries/rfscontrol.o
                0x000000000010d5d1                rfscontrol
 .text          0x000000000010d83e       0xd8 binaries/rfsgetmode.o
                0x000000000010d83e                rfsgetmode
 .text          0x000000000010d916       0x86 binaries/rfsinit.o
                0x000000000010d916                rfsinit
 .text          0x000000000010d99c      0x111 binaries/rfsndmsg.o
                0x000000000010d99c                rfsndmsg
 .text          0x000000000010daad      0x2aa binaries/rfsopen.o
                0x000000000010daad                rfsopen
 .text          0x000000000010dd57      0x836 binaries/arp.o
                0x000000000010dd57                arp_init
                0x000000000010dd89                arp_resolve
                0x000000000010e03d                arp_in
                0x000000000010e2f5                arp_alloc
                0x000000000010e3b5                arp_ntoh
                0x000000000010e4a1                arp_hton
 .text          0x000000000010e58d      0x8e3 binaries/dhcp.o
                0x000000000010e58d                dhcp_get_opt_val
                0x000000000010e5e6                dhcp_bld_bootp_msg
                0x000000000010e6f3                dhcp_bld_disc
                0x000000000010e7dc                dhcp_bld_req
                0x000000000010e94e                getlocalip
 .text          0x000000000010ee70      0x59f binaries/dns.o
                0x000000000010ee70                dnslookup
 .text          0x000000000010f40f       0xe8 binaries/dot2ip.o
                0x000000000010f40f                dot2ip
 .text          0x000000000010f4f7      0x4c4 binaries/hexdump.o
                0x000000000010f4f7                hexdump
                0x000000000010f69e                hexadump
 .text          0x000000000010f9bb      0x8af binaries/icmp.o
                0x000000000010f9bb                icmp_init
                0x000000000010f9f2                icmp_in
                0x000000000010fbc8                icmp_register
                0x000000000010fcc3                icmp_recv
                0x000000000010fe4f                icmp_send
                0x000000000010fed7                icmp_mkpkt
                0x000000000010fff1                icmp_release
                0x00000000001100ef                icmp_cksum
                0x0000000000110182                icmp_hton
                0x00000000001101f6                icmp_ntoh
 .text          0x000000000011026a      0x8a5 binaries/ip.o
                0x000000000011026a                ip_in
                0x00000000001103ee                ip_send
                0x0000000000110549                ip_local
                0x0000000000110595                ip_out
                0x00000000001106ce                ipcksum
                0x0000000000110754                ip_ntoh
                0x0000000000110840                ip_hton
                0x000000000011092c                ipout
                0x0000000000110a5b                ip_enqueue
 .text          0x0000000000110b0f      0x2cd binaries/net.o
                0x0000000000110b0f                net_init
                0x0000000000110c37                netin
                0x0000000000110cf4                eth_hton
                0x0000000000110d1e                eth_ntoh
                0x0000000000110d48                getport
 .text          0x0000000000110ddc     0x147f binaries/pdump.o
                0x0000000000110ddc                pdump
                0x0000000000111b99                pdumph
 .text          0x000000000011225b      0x613 binaries/tftp.o
                0x000000000011225b                tftp_send1
                0x00000000001123d3                tftpget
                0x0000000000112405                tftpget_mb
 .text          0x000000000011286e      0xb82 binaries/udp.o
                0x000000000011286e                udp_init
                0x00000000001128a3                udp_in
                0x00000000001129e5                udp_register
                0x0000000000112b22                udp_recv
                0x0000000000112cbe                udp_recvaddr
                0x0000000000112e72                udp_send
                0x000000000011305a                udp_sendto
                0x000000000011320b                udp_release
                0x0000000000113306                udp_ntoh
                0x000000000011337b                udp_hton
 .text          0x00000000001133f0      0x13b binaries/addargs.o
                0x00000000001133f0                addargs
 .text          0x000000000011352b      0x2c9 binaries/lexan.o
                0x000000000011352b                lexan
 .text          0x00000000001137f4      0x667 binaries/shell.o
                0x00000000001137f4                shell
 .text          0x0000000000113e5b       0x69 binaries/xsh_argecho.o
                0x0000000000113e5b                xsh_argecho
 .text          0x0000000000113ec4      0x275 binaries/xsh_arp.o
                0x0000000000113ec4                xsh_arp
 .text          0x0000000000114139      0x275 binaries/xsh_cat.o
                0x0000000000114139                xsh_cat
 .text          0x00000000001143ae       0x5f binaries/xsh_clear.o
                0x00000000001143ae                xsh_clear
 .text          0x000000000011440d      0x2ff binaries/xsh_date.o
                0x000000000011440d                xsh_date
 .text          0x000000000011470c       0xaf binaries/xsh_devdump.o
                0x000000000011470c                xsh_devdump
 .text          0x00000000001147bb       0x72 binaries/xsh_echo.o
                0x00000000001147bb                xsh_echo
 .text          0x000000000011482d        0xa binaries/xsh_exit.o
                0x000000000011482d                xsh_exit
 .text          0x0000000000114837      0x38b binaries/xsh_help.o
                0x0000000000114837                xsh_help
 .text          0x0000000000114bc2      0x24e binaries/xsh_kill.o
                0x0000000000114bc2                xsh_kill
 .text          0x0000000000114e10      0x54b binaries/xsh_memdump.o
                0x0000000000114e10                xsh_memdump
 .text          0x000000000011535b      0x2b1 binaries/xsh_memstat.o
                0x000000000011535b                xsh_memstat
 .text          0x000000000011560c      0x511 binaries/xsh_netinfo.o
                0x000000000011560c                xsh_netinfo
 .text          0x0000000000115b1d      0x498 binaries/xsh_ping.o
                0x0000000000115b1d                xsh_ping
 .text          0x0000000000115fb5      0x229 binaries/xsh_ps.o
                0x0000000000115fb5                xsh_ps
 .text          0x00000000001161de      0x22a binaries/xsh_sleep.o
                0x00000000001161de                xsh_sleep
 .text          0x0000000000116408      0x27c binaries/xsh_udpdump.o
                0x0000000000116408                xsh_udpdump
 .text          0x0000000000116684      0x4cc binaries/xsh_udpecho.o
                0x0000000000116684                xsh_udpecho
 .text          0x0000000000116b50      0x2b6 binaries/xsh_udpserver.o
                0x0000000000116b50                xsh_udpeserver
 .text          0x0000000000116e06      0x1f5 binaries/xsh_uptime.o
                0x0000000000116e06                xsh_uptime
 .text          0x0000000000116ffb        0xe binaries/clkdisp.o
                0x0000000000116ffb                clkdisp
 .text          0x0000000000117009       0x19 binaries/ctxsw.o
                0x0000000000117009                ctxsw
 .text          0x0000000000117022      0x36b binaries/intr.o
                0x0000000000117022                disable
                0x000000000011702b                restore
                0x0000000000117039                enable
                0x000000000011703b                pause
                0x0000000000117042                halt
                0x0000000000117048                spurious_irq7
                0x000000000011704d                spurious_irq15
                0x000000000011705c                _Xint0
                0x0000000000117067                _Xint1
                0x0000000000117072                _Xint2
                0x000000000011707d                _Xint3
                0x0000000000117088                _Xint4
                0x0000000000117093                _Xint5
                0x000000000011709e                _Xint6
                0x00000000001170a9                _Xint7
                0x00000000001170b4                _Xint8
                0x00000000001170bf                _Xint9
                0x00000000001170ca                _Xint10
                0x00000000001170d5                _Xint11
                0x00000000001170e3                _Xint12
                0x00000000001170f1                _Xint13
                0x00000000001170ff                _Xint14
                0x000000000011710d                _Xint15
                0x000000000011711b                _Xint16
                0x0000000000117129                _Xint17
                0x0000000000117137                _Xint18
                0x0000000000117145                _Xint19
                0x0000000000117153                _Xint20
                0x0000000000117161                _Xint21
                0x000000000011716f                _Xint22
                0x000000000011717d                _Xint23
                0x000000000011718b                _Xint24
                0x0000000000117199                _Xint25
                0x00000000001171a7                _Xint26
                0x00000000001171b5                _Xint27
                0x00000000001171c3                _Xint28
                0x00000000001171d1                _Xint29
                0x00000000001171df                _Xint30
                0x00000000001171ed                _Xint31
                0x00000000001171fb                _Xint32
                0x0000000000117209                _Xint33
                0x0000000000117217                _Xint34
                0x0000000000117225                _Xint35
                0x0000000000117233                _Xint36
                0x0000000000117241                _Xint37
                0x000000000011724f                _Xint38
                0x000000000011725d                _Xint39
                0x000000000011726b                _Xint40
                0x0000000000117279                _Xint41
                0x0000000000117287                _Xint42
                0x0000000000117295                _Xint43
                0x00000000001172a3                _Xint44
                0x00000000001172b1                _Xint45
                0x00000000001172bf                _Xint46
                0x00000000001172cd                defevec
 .text          0x000000000011738d        0xf binaries/ttydispatch.o
                0x000000000011738d                ttydispatch
 .text          0x000000000011739c       0x13 binaries/ethdispatch.o
                0x000000000011739c                ethdispatch
 *(.rodata .rodata.*)
 *fill*         0x00000000001173af        0x1 
 .rodata        0x00000000001173b0       0x8e binaries/ascdate.o
 .rodata        0x000000000011743e       0xae binaries/conf.o
 .rodata        0x00000000001174ec       0x59 binaries/deadlock.o
 *fill*         0x0000000000117545        0x3 
 .rodata        0x0000000000117548      0x22f binaries/evec.o
 *fill*         0x0000000000117777        0x1 
 .rodata        0x0000000000117778       0x61 binaries/getutime.o
 *fill*         0x00000000001177d9        0x3 
 .rodata        0x00000000001177dc       0x90 binaries/i386.o
 .rodata        0x000000000011786c      0x180 binaries/initialize.o
 .rodata        0x00000000001179ec       0x20 binaries/kill.o
 .rodata        0x0000000000117a0c       0x22 binaries/main.o
 .rodata        0x0000000000117a2e        0xf binaries/panic.o
 *fill*         0x0000000000117a3d        0x3 
 .rodata        0x0000000000117a40      0x1ec binaries/pci.o
 .rodata        0x0000000000117c2c       0x1d binaries/ptinit.o
 *fill*         0x0000000000117c49        0x3 
 .rodata        0x0000000000117c4c       0x25 binaries/ptsend.o
 *fill*         0x0000000000117c71        0x3 
 .rodata        0x0000000000117c74       0xb7 binaries/stacktrace.o
 *fill*         0x0000000000117d2b        0x1 
 .rodata        0x0000000000117d2c       0x27 binaries/xdone.o
 *fill*         0x0000000000117d53        0xd 
 .rodata        0x0000000000117d60       0x81 binaries/ctype_.o
                0x0000000000117d60                _ctype_
 *fill*         0x0000000000117de1        0x3 
 .rodata        0x0000000000117de4       0xee binaries/doprnt.o
 *fill*         0x0000000000117ed2        0x2 
 .rodata        0x0000000000117ed4       0x98 binaries/doscan.o
 .rodata        0x0000000000117f6c       0xae binaries/fdoprnt.o
 *fill*         0x000000000011801a        0x2 
 .rodata        0x000000000011801c       0x20 binaries/ttycontrol.o
 .rodata        0x000000000011803c       0x34 binaries/ttyhandler.o
 .rodata        0x0000000000118070       0x80 binaries/naminit.o
 .rodata        0x00000000001180f0       0x2e binaries/82545EMInit.o
 *fill*         0x000000000011811e        0x2 
 .rodata        0x0000000000118120       0x78 binaries/ethinit.o
 .rodata        0x0000000000118198       0x18 binaries/ethread.o
 .rodata        0x00000000001181b0       0x2c binaries/rdsbufalloc.o
 .rodata        0x00000000001181dc       0x76 binaries/rdscomm.o
 *fill*         0x0000000000118252        0x2 
 .rodata        0x0000000000118254       0x48 binaries/rdscontrol.o
 .rodata        0x000000000011829c       0x96 binaries/rdsinit.o
 *fill*         0x0000000000118332        0x2 
 .rodata        0x0000000000118334       0x22 binaries/rdsopen.o
 *fill*         0x0000000000118356        0x2 
 .rodata        0x0000000000118358       0x4d binaries/rdsprocess.o
 .rodata        0x00000000001183a5        0x9 binaries/raminit.o
 *fill*         0x00000000001183ae        0x2 
 .rodata        0x00000000001183b0       0x37 binaries/lfdballoc.o
 .rodata        0x00000000001183e7       0x14 binaries/lfiballoc.o
 *fill*         0x00000000001183fb        0x1 
 .rodata        0x00000000001183fc       0x23 binaries/lflcontrol.o
 *fill*         0x000000000011841f        0x1 
 .rodata        0x0000000000118420      0x11b binaries/lfsckfmt.o
 *fill*         0x000000000011853b        0x1 
 .rodata        0x000000000011853c       0x2a binaries/lfsopen.o
 *fill*         0x0000000000118566        0x2 
 .rodata        0x0000000000118568       0x21 binaries/rflread.o
 *fill*         0x0000000000118589        0x3 
 .rodata        0x000000000011858c       0x21 binaries/rflwrite.o
 *fill*         0x00000000001185ad        0x3 
 .rodata        0x00000000001185b0       0x75 binaries/rfscomm.o
 *fill*         0x0000000000118625        0x3 
 .rodata        0x0000000000118628       0x3c binaries/rfscontrol.o
 .rodata        0x0000000000118664       0x63 binaries/rfsinit.o
 *fill*         0x00000000001186c7        0x1 
 .rodata        0x00000000001186c8       0x2a binaries/rfsndmsg.o
 *fill*         0x00000000001186f2        0x2 
 .rodata        0x00000000001186f4       0x22 binaries/rfsopen.o
 *fill*         0x0000000000118716        0x2 
 .rodata        0x0000000000118718       0x3a binaries/arp.o
 *fill*         0x0000000000118752        0x2 
 .rodata        0x0000000000118754       0xcf binaries/dhcp.o
 .rodata        0x0000000000118823       0x1a binaries/dns.o
 *fill*         0x000000000011883d        0x3 
 .rodata        0x0000000000118840       0xc9 binaries/hexdump.o
 *fill*         0x0000000000118909        0x3 
 .rodata        0x000000000011890c       0x29 binaries/icmp.o
 *fill*         0x0000000000118935        0x3 
 .rodata        0x0000000000118938       0x6e binaries/ip.o
 *fill*         0x00000000001189a6        0x2 
 .rodata        0x00000000001189a8       0x4f binaries/net.o
 *fill*         0x00000000001189f7        0x1 
 .rodata        0x00000000001189f8      0x26f binaries/pdump.o
 *fill*         0x0000000000118c67        0x1 
 .rodata        0x0000000000118c68      0x154 binaries/tftp.o
 *fill*         0x0000000000118dbc        0x4 
 .rodata        0x0000000000118dc0      0x3c1 binaries/shell.o
                0x0000000000118e40                cmdtab
 .rodata        0x0000000000119181       0x28 binaries/xsh_argecho.o
 *fill*         0x00000000001191a9        0x3 
 .rodata        0x00000000001191ac      0x123 binaries/xsh_arp.o
 *fill*         0x00000000001192cf        0x1 
 .rodata        0x00000000001192d0       0xc9 binaries/xsh_cat.o
 .rodata        0x0000000000119399       0x19 binaries/xsh_clear.o
 *fill*         0x00000000001193b2        0x2 
 .rodata        0x00000000001193b4      0x1c3 binaries/xsh_date.o
 .rodata        0x0000000000119577       0x5d binaries/xsh_devdump.o
 .rodata        0x00000000001195d4        0x9 binaries/xsh_echo.o
 *fill*         0x00000000001195dd        0x3 
 .rodata        0x00000000001195e0      0x169 binaries/xsh_help.o
 *fill*         0x0000000000119749        0x3 
 .rodata        0x000000000011974c      0x12e binaries/xsh_kill.o
 *fill*         0x000000000011987a        0x2 
 .rodata        0x000000000011987c      0x266 binaries/xsh_memdump.o
 *fill*         0x0000000000119ae2        0x2 
 .rodata        0x0000000000119ae4      0x225 binaries/xsh_memstat.o
 *fill*         0x0000000000119d09        0x3 
 .rodata        0x0000000000119d0c      0x1b0 binaries/xsh_netinfo.o
 .rodata        0x0000000000119ebc      0x1a1 binaries/xsh_ping.o
 *fill*         0x000000000011a05d        0x3 
 .rodata        0x000000000011a060      0x1e0 binaries/xsh_ps.o
 .rodata        0x000000000011a240       0xeb binaries/xsh_sleep.o
 *fill*         0x000000000011a32b        0x1 
 .rodata        0x000000000011a32c      0x1b8 binaries/xsh_udpdump.o
 .rodata        0x000000000011a4e4      0x215 binaries/xsh_udpecho.o
 *fill*         0x000000000011a6f9        0x3 
 .rodata        0x000000000011a6fc      0x12b binaries/xsh_udpserver.o
 *fill*         0x000000000011a827        0x1 
 .rodata        0x000000000011a828      0x105 binaries/xsh_uptime.o
                0x000000000011a92d                etext = ABSOLUTE (.)
                0x000000000011b000                . = ALIGN (0x1000)
 *fill*         0x000000000011a92d      0x6d3 

.eh_frame       0x000000000011b000     0x2e68
 .eh_frame      0x000000000011b000       0x38 binaries/ascdate.o
 .eh_frame      0x000000000011b038       0x20 binaries/bufinit.o
                                         0x38 (size before relaxing)
 .eh_frame      0x000000000011b058       0x20 binaries/chprio.o
                                         0x38 (size before relaxing)
 .eh_frame      0x000000000011b078       0x20 binaries/clkhandler.o
                                         0x38 (size before relaxing)
 .eh_frame      0x000000000011b098       0x20 binaries/clkinit.o
                                         0x38 (size before relaxing)
 .eh_frame      0x000000000011b0b8       0x20 binaries/close.o
                                         0x38 (size before relaxing)
 .eh_frame      0x000000000011b0d8       0x20 binaries/control.o
                                         0x38 (size before relaxing)
 .eh_frame      0x000000000011b0f8       0x40 binaries/create.o
                                         0x58 (size before relaxing)
 .eh_frame      0x000000000011b138       0xf4 binaries/deadlock.o
                                        0x10c (size before relaxing)
 .eh_frame      0x000000000011b22c       0x60 binaries/evec.o
                                         0x78 (size before relaxing)
 .eh_frame      0x000000000011b28c       0x20 binaries/exit.o
                                         0x38 (size before relaxing)
 .eh_frame      0x000000000011b2ac       0x20 binaries/freebuf.o
                                         0x38 (size before relaxing)
 .eh_frame      0x000000000011b2cc       0x20 binaries/freemem.o
                                         0x38 (size before relaxing)
 .eh_frame      0x000000000011b2ec       0x20 binaries/getbuf.o
                                         0x38 (size before relaxing)
 .eh_frame      0x000000000011b30c       0x20 binaries/getc.o
                                         0x38 (size before relaxing)
 .eh_frame      0x000000000011b32c       0x20 binaries/getdev.o
                                         0x38 (size before relaxing)
 .eh_frame      0x000000000011b34c       0x60 binaries/getitem.o
                                         0x78 (size before relaxing)
 .eh_frame      0x000000000011b3ac       0x20 binaries/getmem.o
                                         0x38 (size before relaxing)
 .eh_frame      0x000000000011b3cc       0x20 binaries/getpid.o
                                         0x38 (size before relaxing)
 .eh_frame      0x000000000011b3ec       0x20 binaries/getprio.o
                                         0x38 (size before relaxing)
 .eh_frame      0x000000000011b40c       0x20 binaries/getstk.o
                                         0x38 (size before relaxing)
 .eh_frame      0x000000000011b42c       0x20 binaries/getticks.o
                                         0x38 (size before relaxing)
 .eh_frame      0x000000000011b44c       0x20 binaries/gettime.o
                                         0x38 (size before relaxing)
 .eh_frame      0x000000000011b46c       0x20 binaries/getutime.o
                                         0x38 (size before relaxing)
 .eh_frame      0x000000000011b48c       0x8c binaries/i386.o
                                         0xa4 (size before relaxing)
 .eh_frame      0x000000000011b518       0x20 binaries/init.o
                                         0x38 (size before relaxing)
 .eh_frame      0x000000000011b538       0xa0 binaries/initialize.o
                                         0xb8 (size before relaxing)
 .eh_frame      0x000000000011b5d8       0x20 binaries/insert.o
                                         0x38 (size before relaxing)
 .eh_frame      0x000000000011b5f8       0x20 binaries/insertd.o
                                         0x38 (size before relaxing)
 .eh_frame      0x000000000011b618       0x20 binaries/ioerr.o
                                         0x38 (size before relaxing)
 .eh_frame      0x000000000011b638       0x20 binaries/ionull.o
                                         0x38 (size before relaxing)
 .eh_frame      0x000000000011b658       0x20 binaries/kill.o
                                         0x38 (size before relaxing)
 .eh_frame      0x000000000011b678       0x60 binaries/kprintf.o
                                         0x78 (size before relaxing)
 .eh_frame      0x000000000011b6d8       0xa0 binaries/lock.o
                                         0xb8 (size before relaxing)
 .eh_frame      0x000000000011b778       0x90 binaries/main.o
                                         0xa8 (size before relaxing)
 .eh_frame      0x000000000011b808       0x40 binaries/mark.o
                                         0x58 (size before relaxing)
 .eh_frame      0x000000000011b848       0x20 binaries/meminit.o
                                         0x38 (size before relaxing)
 .eh_frame      0x000000000011b868       0x20 binaries/mkbufpool.o
                                         0x38 (size before relaxing)
 .eh_frame      0x000000000011b888       0x40 binaries/mutex.o
                                         0x58 (size before relaxing)
 .eh_frame      0x000000000011b8c8       0x20 binaries/newqueue.o
                                         0x38 (size before relaxing)
 .eh_frame      0x000000000011b8e8       0x20 binaries/open.o
                                         0x38 (size before relaxing)
 .eh_frame      0x000000000011b908       0x1c binaries/panic.o
                                         0x34 (size before relaxing)
 .eh_frame      0x000000000011b924      0x1c8 binaries/pci.o
                                        0x1e0 (size before relaxing)
 .eh_frame      0x000000000011baec       0x20 binaries/ptclear.o
                                         0x38 (size before relaxing)
 .eh_frame      0x000000000011bb0c       0x20 binaries/ptcount.o
                                         0x38 (size before relaxing)
 .eh_frame      0x000000000011bb2c       0x20 binaries/ptcreate.o
                                         0x38 (size before relaxing)
 .eh_frame      0x000000000011bb4c       0x20 binaries/ptdelete.o
                                         0x38 (size before relaxing)
 .eh_frame      0x000000000011bb6c       0x20 binaries/ptinit.o
                                         0x38 (size before relaxing)
 .eh_frame      0x000000000011bb8c       0x20 binaries/ptrecv.o
                                         0x38 (size before relaxing)
 .eh_frame      0x000000000011bbac       0x20 binaries/ptreset.o
                                         0x38 (size before relaxing)
 .eh_frame      0x000000000011bbcc       0x20 binaries/ptsend.o
                                         0x38 (size before relaxing)
 .eh_frame      0x000000000011bbec       0x20 binaries/putc.o
                                         0x38 (size before relaxing)
 .eh_frame      0x000000000011bc0c       0x40 binaries/queue.o
                                         0x58 (size before relaxing)
 .eh_frame      0x000000000011bc4c       0x20 binaries/read.o
                                         0x38 (size before relaxing)
 .eh_frame      0x000000000011bc6c       0x24 binaries/ready.o
                                         0x3c (size before relaxing)
 .eh_frame      0x000000000011bc90       0x20 binaries/receive.o
                                         0x38 (size before relaxing)
 .eh_frame      0x000000000011bcb0       0x20 binaries/recvclr.o
                                         0x38 (size before relaxing)
 .eh_frame      0x000000000011bcd0       0x20 binaries/recvtime.o
                                         0x38 (size before relaxing)
 .eh_frame      0x000000000011bcf0       0x40 binaries/resched.o
                                         0x58 (size before relaxing)
 .eh_frame      0x000000000011bd30       0x20 binaries/resume.o
                                         0x38 (size before relaxing)
 .eh_frame      0x000000000011bd50       0x20 binaries/seek.o
                                         0x38 (size before relaxing)
 .eh_frame      0x000000000011bd70       0x20 binaries/semcount.o
                                         0x38 (size before relaxing)
 .eh_frame      0x000000000011bd90       0x40 binaries/semcreate.o
                                         0x58 (size before relaxing)
 .eh_frame      0x000000000011bdd0       0x20 binaries/semdelete.o
                                         0x38 (size before relaxing)
 .eh_frame      0x000000000011bdf0       0x20 binaries/semreset.o
                                         0x38 (size before relaxing)
 .eh_frame      0x000000000011be10       0x20 binaries/send.o
                                         0x38 (size before relaxing)
 .eh_frame      0x000000000011be30       0x20 binaries/signal.o
                                         0x38 (size before relaxing)
 .eh_frame      0x000000000011be50       0x20 binaries/signaln.o
                                         0x38 (size before relaxing)
 .eh_frame      0x000000000011be70       0x40 binaries/sleep.o
                                         0x58 (size before relaxing)
 .eh_frame      0x000000000011beb0       0x20 binaries/stacktrace.o
                                         0x38 (size before relaxing)
 .eh_frame      0x000000000011bed0       0x20 binaries/suspend.o
                                         0x38 (size before relaxing)
 .eh_frame      0x000000000011bef0       0x20 binaries/unsleep.o
                                         0x38 (size before relaxing)
 .eh_frame      0x000000000011bf10       0x20 binaries/userret.o
                                         0x38 (size before relaxing)
 .eh_frame      0x000000000011bf30       0x20 binaries/wait.o
                                         0x38 (size before relaxing)
 .eh_frame      0x000000000011bf50       0x20 binaries/wakeup.o
                                         0x38 (size before relaxing)
 .eh_frame      0x000000000011bf70       0x20 binaries/write.o
                                         0x38 (size before relaxing)
 .eh_frame      0x000000000011bf90       0x20 binaries/xdone.o
                                         0x38 (size before relaxing)
 .eh_frame      0x000000000011bfb0       0x20 binaries/yield.o
                                         0x38 (size before relaxing)
 .eh_frame      0x000000000011bfd0       0x20 binaries/abs.o
                                         0x38 (size before relaxing)
 .eh_frame      0x000000000011bff0       0x20 binaries/atoi.o
                                         0x38 (size before relaxing)
 .eh_frame      0x000000000011c010       0x20 binaries/atol.o
                                         0x38 (size before relaxing)
 .eh_frame      0x000000000011c030       0x20 binaries/bzero.o
                                         0x38 (size before relaxing)
 .eh_frame      0x000000000011c050       0xe0 binaries/doprnt.o
                                         0xf8 (size before relaxing)
 .eh_frame      0x000000000011c130       0xb0 binaries/doscan.o
                                         0xc8 (size before relaxing)
 .eh_frame      0x000000000011c1e0       0xc0 binaries/fdoprnt.o
                                         0xd8 (size before relaxing)
 .eh_frame      0x000000000011c2a0       0x20 binaries/fgetc.o
                                         0x38 (size before relaxing)
 .eh_frame      0x000000000011c2c0       0x20 binaries/fgets.o
                                         0x38 (size before relaxing)
 .eh_frame      0x000000000011c2e0       0x20 binaries/fprintf.o
                                         0x38 (size before relaxing)
 .eh_frame      0x000000000011c300       0x20 binaries/fputc.o
                                         0x38 (size before relaxing)
 .eh_frame      0x000000000011c320       0x20 binaries/fputs.o
                                         0x38 (size before relaxing)
 .eh_frame      0x000000000011c340       0x60 binaries/fscanf.o
                                         0x78 (size before relaxing)
 .eh_frame      0x000000000011c3a0       0x20 binaries/getchar.o
                                         0x38 (size before relaxing)
 .eh_frame      0x000000000011c3c0       0x20 binaries/labs.o
                                         0x38 (size before relaxing)
 .eh_frame      0x000000000011c3e0       0x20 binaries/memcmp.o
                                         0x38 (size before relaxing)
 .eh_frame      0x000000000011c400       0x24 binaries/memcpy.o
                                         0x3c (size before relaxing)
 .eh_frame      0x000000000011c424       0x24 binaries/memset.o
                                         0x3c (size before relaxing)
 .eh_frame      0x000000000011c448       0x20 binaries/printf.o
                                         0x38 (size before relaxing)
 .eh_frame      0x000000000011c468       0x20 binaries/putchar.o
                                         0x38 (size before relaxing)
 .eh_frame      0x000000000011c488       0xa8 binaries/qsort.o
                                         0xc0 (size before relaxing)
 .eh_frame      0x000000000011c530       0x60 binaries/rand.o
                                         0x78 (size before relaxing)
 .eh_frame      0x000000000011c590       0x40 binaries/sprintf.o
                                         0x58 (size before relaxing)
 .eh_frame      0x000000000011c5d0       0x60 binaries/sscanf.o
                                         0x78 (size before relaxing)
 .eh_frame      0x000000000011c630       0x20 binaries/strchr.o
                                         0x38 (size before relaxing)
 .eh_frame      0x000000000011c650       0x20 binaries/strcmp.o
                                         0x38 (size before relaxing)
 .eh_frame      0x000000000011c670       0x20 binaries/strcpy.o
                                         0x38 (size before relaxing)
 .eh_frame      0x000000000011c690       0x20 binaries/strlen.o
                                         0x38 (size before relaxing)
 .eh_frame      0x000000000011c6b0       0x20 binaries/strncat.o
                                         0x38 (size before relaxing)
 .eh_frame      0x000000000011c6d0       0x20 binaries/strncmp.o
                                         0x38 (size before relaxing)
 .eh_frame      0x000000000011c6f0       0x28 binaries/strncpy.o
                                         0x40 (size before relaxing)
 .eh_frame      0x000000000011c718       0x20 binaries/strnlen.o
                                         0x38 (size before relaxing)
 .eh_frame      0x000000000011c738       0x20 binaries/strrchr.o
                                         0x38 (size before relaxing)
 .eh_frame      0x000000000011c758       0x20 binaries/strstr.o
                                         0x38 (size before relaxing)
 .eh_frame      0x000000000011c778       0x20 binaries/ttycontrol.o
                                         0x38 (size before relaxing)
 .eh_frame      0x000000000011c798       0x20 binaries/ttygetc.o
                                         0x38 (size before relaxing)
 .eh_frame      0x000000000011c7b8       0x80 binaries/ttyhandle_in.o
                                         0x98 (size before relaxing)
 .eh_frame      0x000000000011c838       0x20 binaries/ttyhandle_out.o
                                         0x38 (size before relaxing)
 .eh_frame      0x000000000011c858       0x20 binaries/ttyhandler.o
                                         0x38 (size before relaxing)
 .eh_frame      0x000000000011c878       0x20 binaries/ttyinit.o
                                         0x38 (size before relaxing)
 .eh_frame      0x000000000011c898       0x20 binaries/ttykickout.o
                                         0x38 (size before relaxing)
 .eh_frame      0x000000000011c8b8       0x20 binaries/ttyputc.o
                                         0x38 (size before relaxing)
 .eh_frame      0x000000000011c8d8       0x24 binaries/ttyread.o
                                         0x3c (size before relaxing)
 .eh_frame      0x000000000011c8fc       0x20 binaries/ttywrite.o
                                         0x38 (size before relaxing)
 .eh_frame      0x000000000011c91c       0x40 binaries/mount.o
                                         0x58 (size before relaxing)
 .eh_frame      0x000000000011c95c       0x20 binaries/naminit.o
                                         0x38 (size before relaxing)
 .eh_frame      0x000000000011c97c       0x60 binaries/nammap.o
                                         0x78 (size before relaxing)
 .eh_frame      0x000000000011c9dc       0x20 binaries/namopen.o
                                         0x38 (size before relaxing)
 .eh_frame      0x000000000011c9fc      0x150 binaries/82545EMInit.o
                                        0x168 (size before relaxing)
 .eh_frame      0x000000000011cb4c       0xa0 binaries/ethcontrol.o
                                         0xb8 (size before relaxing)
 .eh_frame      0x000000000011cbec       0x80 binaries/ethhandler.o
                                         0x98 (size before relaxing)
 .eh_frame      0x000000000011cc6c       0x20 binaries/ethinit.o
                                         0x38 (size before relaxing)
 .eh_frame      0x000000000011cc8c       0x60 binaries/ethread.o
                                         0x78 (size before relaxing)
 .eh_frame      0x000000000011ccec       0x60 binaries/ethwrite.o
                                         0x78 (size before relaxing)
 .eh_frame      0x000000000011cd4c       0x20 binaries/rdsbufalloc.o
                                         0x38 (size before relaxing)
 .eh_frame      0x000000000011cd6c       0x20 binaries/rdsclose.o
                                         0x38 (size before relaxing)
 .eh_frame      0x000000000011cd8c       0x20 binaries/rdscomm.o
                                         0x38 (size before relaxing)
 .eh_frame      0x000000000011cdac       0x20 binaries/rdscontrol.o
                                         0x38 (size before relaxing)
 .eh_frame      0x000000000011cdcc       0x20 binaries/rdsinit.o
                                         0x38 (size before relaxing)
 .eh_frame      0x000000000011cdec       0x20 binaries/rdsopen.o
                                         0x38 (size before relaxing)
 .eh_frame      0x000000000011ce0c       0x1c binaries/rdsprocess.o
                                         0x34 (size before relaxing)
 .eh_frame      0x000000000011ce28       0x20 binaries/rdsread.o
                                         0x38 (size before relaxing)
 .eh_frame      0x000000000011ce48       0x20 binaries/rdswrite.o
                                         0x38 (size before relaxing)
 .eh_frame      0x000000000011ce68       0x20 binaries/ramclose.o
                                         0x38 (size before relaxing)
 .eh_frame      0x000000000011ce88       0x20 binaries/raminit.o
                                         0x38 (size before relaxing)
 .eh_frame      0x000000000011cea8       0x20 binaries/ramopen.o
                                         0x38 (size before relaxing)
 .eh_frame      0x000000000011cec8       0x20 binaries/ramread.o
                                         0x38 (size before relaxing)
 .eh_frame      0x000000000011cee8       0x20 binaries/ramwrite.o
                                         0x38 (size before relaxing)
 .eh_frame      0x000000000011cf08       0x20 binaries/lfdballoc.o
                                         0x38 (size before relaxing)
 .eh_frame      0x000000000011cf28       0x20 binaries/lfdbfree.o
                                         0x38 (size before relaxing)
 .eh_frame      0x000000000011cf48       0x20 binaries/lfflush.o
                                         0x38 (size before relaxing)
 .eh_frame      0x000000000011cf68       0x20 binaries/lfgetmode.o
                                         0x38 (size before relaxing)
 .eh_frame      0x000000000011cf88       0x20 binaries/lfiballoc.o
                                         0x38 (size before relaxing)
 .eh_frame      0x000000000011cfa8       0x20 binaries/lfibclear.o
                                         0x38 (size before relaxing)
 .eh_frame      0x000000000011cfc8       0x20 binaries/lfibget.o
                                         0x38 (size before relaxing)
 .eh_frame      0x000000000011cfe8       0x20 binaries/lfibput.o
                                         0x38 (size before relaxing)
 .eh_frame      0x000000000011d008       0x20 binaries/lflclose.o
                                         0x38 (size before relaxing)
 .eh_frame      0x000000000011d028       0x20 binaries/lflcontrol.o
                                         0x38 (size before relaxing)
 .eh_frame      0x000000000011d048       0x20 binaries/lflgetc.o
                                         0x38 (size before relaxing)
 .eh_frame      0x000000000011d068       0x20 binaries/lflinit.o
                                         0x38 (size before relaxing)
 .eh_frame      0x000000000011d088       0x20 binaries/lflputc.o
                                         0x38 (size before relaxing)
 .eh_frame      0x000000000011d0a8       0x20 binaries/lflread.o
                                         0x38 (size before relaxing)
 .eh_frame      0x000000000011d0c8       0x20 binaries/lflseek.o
                                         0x38 (size before relaxing)
 .eh_frame      0x000000000011d0e8       0x20 binaries/lflwrite.o
                                         0x38 (size before relaxing)
 .eh_frame      0x000000000011d108       0x20 binaries/lfscheck.o
                                         0x38 (size before relaxing)
 .eh_frame      0x000000000011d128       0x20 binaries/lfsckfmt.o
                                         0x38 (size before relaxing)
 .eh_frame      0x000000000011d148       0x20 binaries/lfscreate.o
                                         0x38 (size before relaxing)
 .eh_frame      0x000000000011d168       0x20 binaries/lfsetup.o
                                         0x38 (size before relaxing)
 .eh_frame      0x000000000011d188       0x20 binaries/lfsinit.o
                                         0x38 (size before relaxing)
 .eh_frame      0x000000000011d1a8       0x20 binaries/lfsopen.o
                                         0x38 (size before relaxing)
 .eh_frame      0x000000000011d1c8       0x20 binaries/lftruncate.o
                                         0x38 (size before relaxing)
 .eh_frame      0x000000000011d1e8       0x20 binaries/rflclose.o
                                         0x38 (size before relaxing)
 .eh_frame      0x000000000011d208       0x20 binaries/rflgetc.o
                                         0x38 (size before relaxing)
 .eh_frame      0x000000000011d228       0x20 binaries/rflinit.o
                                         0x38 (size before relaxing)
 .eh_frame      0x000000000011d248       0x20 binaries/rflputc.o
                                         0x38 (size before relaxing)
 .eh_frame      0x000000000011d268       0x20 binaries/rflread.o
                                         0x38 (size before relaxing)
 .eh_frame      0x000000000011d288       0x20 binaries/rflseek.o
                                         0x38 (size before relaxing)
 .eh_frame      0x000000000011d2a8       0x20 binaries/rflwrite.o
                                         0x38 (size before relaxing)
 .eh_frame      0x000000000011d2c8       0x20 binaries/rfscomm.o
                                         0x38 (size before relaxing)
 .eh_frame      0x000000000011d2e8       0x20 binaries/rfscontrol.o
                                         0x38 (size before relaxing)
 .eh_frame      0x000000000011d308       0x20 binaries/rfsgetmode.o
                                         0x38 (size before relaxing)
 .eh_frame      0x000000000011d328       0x20 binaries/rfsinit.o
                                         0x38 (size before relaxing)
 .eh_frame      0x000000000011d348       0x20 binaries/rfsndmsg.o
                                         0x38 (size before relaxing)
 .eh_frame      0x000000000011d368       0x20 binaries/rfsopen.o
                                         0x38 (size before relaxing)
 .eh_frame      0x000000000011d388       0xc0 binaries/arp.o
                                         0xd8 (size before relaxing)
 .eh_frame      0x000000000011d448       0xa0 binaries/dhcp.o
                                         0xb8 (size before relaxing)
 .eh_frame      0x000000000011d4e8       0x80 binaries/dns.o
                                         0x98 (size before relaxing)
 .eh_frame      0x000000000011d568       0x20 binaries/dot2ip.o
                                         0x38 (size before relaxing)
 .eh_frame      0x000000000011d588       0x40 binaries/hexdump.o
                                         0x58 (size before relaxing)
 .eh_frame      0x000000000011d5c8      0x14c binaries/icmp.o
                                        0x164 (size before relaxing)
 .eh_frame      0x000000000011d714      0x11c binaries/ip.o
                                        0x134 (size before relaxing)
 .eh_frame      0x000000000011d830       0xa0 binaries/net.o
                                         0xb8 (size before relaxing)
 .eh_frame      0x000000000011d8d0       0x60 binaries/pdump.o
                                         0x78 (size before relaxing)
 .eh_frame      0x000000000011d930       0x60 binaries/tftp.o
                                         0x78 (size before relaxing)
 .eh_frame      0x000000000011d990      0x140 binaries/udp.o
                                        0x158 (size before relaxing)
 .eh_frame      0x000000000011dad0       0x20 binaries/addargs.o
                                         0x38 (size before relaxing)
 .eh_frame      0x000000000011daf0       0x20 binaries/lexan.o
                                         0x38 (size before relaxing)
 .eh_frame      0x000000000011db10       0x20 binaries/shell.o
                                         0x38 (size before relaxing)
 .eh_frame      0x000000000011db30       0x20 binaries/xsh_argecho.o
                                         0x38 (size before relaxing)
 .eh_frame      0x000000000011db50       0x40 binaries/xsh_arp.o
                                         0x58 (size before relaxing)
 .eh_frame      0x000000000011db90       0x20 binaries/xsh_cat.o
                                         0x38 (size before relaxing)
 .eh_frame      0x000000000011dbb0       0x20 binaries/xsh_clear.o
                                         0x38 (size before relaxing)
 .eh_frame      0x000000000011dbd0       0x20 binaries/xsh_date.o
                                         0x38 (size before relaxing)
 .eh_frame      0x000000000011dbf0       0x20 binaries/xsh_devdump.o
                                         0x38 (size before relaxing)
 .eh_frame      0x000000000011dc10       0x20 binaries/xsh_echo.o
                                         0x38 (size before relaxing)
 .eh_frame      0x000000000011dc30       0x20 binaries/xsh_exit.o
                                         0x38 (size before relaxing)
 .eh_frame      0x000000000011dc50       0x20 binaries/xsh_help.o
                                         0x38 (size before relaxing)
 .eh_frame      0x000000000011dc70       0x20 binaries/xsh_kill.o
                                         0x38 (size before relaxing)
 .eh_frame      0x000000000011dc90       0x40 binaries/xsh_memdump.o
                                         0x58 (size before relaxing)
 .eh_frame      0x000000000011dcd0       0x60 binaries/xsh_memstat.o
                                         0x78 (size before relaxing)
 .eh_frame      0x000000000011dd30       0x30 binaries/xsh_netinfo.o
                                         0x48 (size before relaxing)
 .eh_frame      0x000000000011dd60       0x24 binaries/xsh_ping.o
                                         0x3c (size before relaxing)
 .eh_frame      0x000000000011dd84       0x30 binaries/xsh_ps.o
                                         0x48 (size before relaxing)
 .eh_frame      0x000000000011ddb4       0x20 binaries/xsh_sleep.o
                                         0x38 (size before relaxing)
 .eh_frame      0x000000000011ddd4       0x20 binaries/xsh_udpdump.o
                                         0x38 (size before relaxing)
 .eh_frame      0x000000000011ddf4       0x30 binaries/xsh_udpecho.o
                                         0x48 (size before relaxing)
 .eh_frame      0x000000000011de24       0x24 binaries/xsh_udpserver.o
                                         0x3c (size before relaxing)
 .eh_frame      0x000000000011de48       0x20 binaries/xsh_uptime.o
                                         0x38 (size before relaxing)

.iplt           0x000000000011de70        0x0
 .iplt          0x000000000011de70        0x0 binaries/start.o

.rel.dyn        0x000000000011de68        0x0
 .rel.iplt      0x000000000011de68        0x0 binaries/start.o
 .rel.text      0x000000000011de68        0x0 binaries/start.o
 .rel.data      0x000000000011de68        0x0 binaries/start.o
 .rel.rodata    0x000000000011de68        0x0 binaries/start.o

.data           0x000000000011de80     0x1180
                0x000000000011de80                data = ABSOLUTE (.)
 *(.data .data.*)
 .data          0x000000000011de80      0x460 binaries/start.o
                0x000000000011de80                gdt
                0x000000000011dec0                gdtr
                0x000000000011dec6                idt
                0x000000000011e2c6                idtr
                0x000000000011e2cc                cpudelay
                0x000000000011e2d0                _bootdev
                0x000000000011e2d4                _cyloffset
 .data          0x000000000011e2e0       0x88 binaries/ascdate.o
                0x000000000011e2e0                Date
 .data          0x000000000011e368        0x0 binaries/bufinit.o
 .data          0x000000000011e368        0x0 binaries/chprio.o
 .data          0x000000000011e368        0x4 binaries/clkhandler.o
 .data          0x000000000011e36c        0x0 binaries/clkinit.o
 .data          0x000000000011e36c        0x0 binaries/close.o
 *fill*         0x000000000011e36c       0x14 
 .data          0x000000000011e380      0x5a0 binaries/conf.o
                0x000000000011e380                devtab
 .data          0x000000000011e920        0x0 binaries/control.o
 .data          0x000000000011e920        0x4 binaries/create.o
 .data          0x000000000011e924        0x0 binaries/deadlock.o
 *fill*         0x000000000011e924       0x1c 
 .data          0x000000000011e940       0x40 binaries/evec.o
                0x000000000011e940                inames
 .data          0x000000000011e980        0x0 binaries/exit.o
 .data          0x000000000011e980        0x0 binaries/freebuf.o
 .data          0x000000000011e980        0x0 binaries/freemem.o
 .data          0x000000000011e980        0x0 binaries/getbuf.o
 .data          0x000000000011e980        0x0 binaries/getc.o
 .data          0x000000000011e980        0x0 binaries/getdev.o
 .data          0x000000000011e980        0x0 binaries/getitem.o
 .data          0x000000000011e980        0x0 binaries/getmem.o
 .data          0x000000000011e980        0x0 binaries/getpid.o
 .data          0x000000000011e980        0x0 binaries/getprio.o
 .data          0x000000000011e980        0x0 binaries/getstk.o
 .data          0x000000000011e980        0x0 binaries/getticks.o
 .data          0x000000000011e980        0x0 binaries/gettime.o
 .data          0x000000000011e980        0x0 binaries/getutime.o
 .data          0x000000000011e980       0x40 binaries/i386.o
                0x000000000011e980                gdt_copy
 .data          0x000000000011e9c0        0x0 binaries/init.o
 .data          0x000000000011e9c0        0x0 binaries/initialize.o
 .data          0x000000000011e9c0        0x0 binaries/insert.o
 .data          0x000000000011e9c0        0x0 binaries/insertd.o
 .data          0x000000000011e9c0        0x0 binaries/ioerr.o
 .data          0x000000000011e9c0        0x0 binaries/ionull.o
 .data          0x000000000011e9c0        0x0 binaries/kill.o
 .data          0x000000000011e9c0        0x0 binaries/kprintf.o
 .data          0x000000000011e9c0        0x0 binaries/lock.o
 .data          0x000000000011e9c0        0x0 binaries/main.o
 .data          0x000000000011e9c0        0x0 binaries/mark.o
 .data          0x000000000011e9c0        0x0 binaries/meminit.o
[...]
 .comment       0x000000000000001d       0x1e binaries/hexdump.o
 .comment       0x000000000000001d       0x1e binaries/icmp.o
 .comment       0x000000000000001d       0x1e binaries/ip.o
 .comment       0x000000000000001d       0x1e binaries/net.o
 .comment       0x000000000000001d       0x1e binaries/pdump.o
 .comment       0x000000000000001d       0x1e binaries/tftp.o
 .comment       0x000000000000001d       0x1e binaries/udp.o
 .comment       0x000000000000001d       0x1e binaries/addargs.o
 .comment       0x000000000000001d       0x1e binaries/lexan.o
 .comment       0x000000000000001d       0x1e binaries/shell.o
 .comment       0x000000000000001d       0x1e binaries/xsh_argecho.o
 .comment       0x000000000000001d       0x1e binaries/xsh_arp.o
 .comment       0x000000000000001d       0x1e binaries/xsh_cat.o
 .comment       0x000000000000001d       0x1e binaries/xsh_clear.o
 .comment       0x000000000000001d       0x1e binaries/xsh_date.o
 .comment       0x000000000000001d       0x1e binaries/xsh_devdump.o
 .comment       0x000000000000001d       0x1e binaries/xsh_echo.o
 .comment       0x000000000000001d       0x1e binaries/xsh_exit.o
 .comment       0x000000000000001d       0x1e binaries/xsh_help.o
 .comment       0x000000000000001d       0x1e binaries/xsh_kill.o
 .comment       0x000000000000001d       0x1e binaries/xsh_memdump.o
 .comment       0x000000000000001d       0x1e binaries/xsh_memstat.o
 .comment       0x000000000000001d       0x1e binaries/xsh_netinfo.o
 .comment       0x000000000000001d       0x1e binaries/xsh_ping.o
 .comment       0x000000000000001d       0x1e binaries/xsh_ps.o
 .comment       0x000000000000001d       0x1e binaries/xsh_sleep.o
 .comment       0x000000000000001d       0x1e binaries/xsh_udpdump.o
 .comment       0x000000000000001d       0x1e binaries/xsh_udpecho.o
 .comment       0x000000000000001d       0x1e binaries/xsh_udpserver.o
 .comment       0x000000000000001d       0x1e binaries/xsh_uptime.o

.note.GNU-stack
                0x0000000000000000        0x0
 .note.GNU-stack
                0x0000000000000000        0x0 binaries/ascdate.o
 .note.GNU-stack
                0x0000000000000000        0x0 binaries/bufinit.o
 .note.GNU-stack
                0x0000000000000000        0x0 binaries/chprio.o
 .note.GNU-stack
                0x0000000000000000        0x0 binaries/clkhandler.o
 .note.GNU-stack
                0x0000000000000000        0x0 binaries/clkinit.o
 .note.GNU-stack
                0x0000000000000000        0x0 binaries/close.o
 .note.GNU-stack
                0x0000000000000000        0x0 binaries/conf.o
 .note.GNU-stack
                0x0000000000000000        0x0 binaries/control.o
 .note.GNU-stack
                0x0000000000000000        0x0 binaries/create.o
 .note.GNU-stack
                0x0000000000000000        0x0 binaries/deadlock.o
 .note.GNU-stack
                0x0000000000000000        0x0 binaries/evec.o
 .note.GNU-stack
                0x0000000000000000        0x0 binaries/exit.o
 .note.GNU-stack
                0x0000000000000000        0x0 binaries/freebuf.o
 .note.GNU-stack
                0x0000000000000000        0x0 binaries/freemem.o
 .note.GNU-stack
                0x0000000000000000        0x0 binaries/getbuf.o
 .note.GNU-stack
                0x0000000000000000        0x0 binaries/getc.o
 .note.GNU-stack
                0x0000000000000000        0x0 binaries/getdev.o
 .note.GNU-stack
                0x0000000000000000        0x0 binaries/getitem.o
 .note.GNU-stack
                0x0000000000000000        0x0 binaries/getmem.o
 .note.GNU-stack
                0x0000000000000000        0x0 binaries/getpid.o
 .note.GNU-stack
                0x0000000000000000        0x0 binaries/getprio.o
 .note.GNU-stack
                0x0000000000000000        0x0 binaries/getstk.o
 .note.GNU-stack
                0x0000000000000000        0x0 binaries/getticks.o
 .note.GNU-stack
                0x0000000000000000        0x0 binaries/gettime.o
 .note.GNU-stack
                0x0000000000000000        0x0 binaries/getutime.o
 .note.GNU-stack
                0x0000000000000000        0x0 binaries/i386.o
 .note.GNU-stack
                0x0000000000000000        0x0 binaries/init.o
 .note.GNU-stack
                0x0000000000000000        0x0 binaries/initialize.o
 .note.GNU-stack
                0x0000000000000000        0x0 binaries/insert.o
 .note.GNU-stack
                0x0000000000000000        0x0 binaries/insertd.o
 .note.GNU-stack
                0x0000000000000000        0x0 binaries/ioerr.o
 .note.GNU-stack
                0x0000000000000000        0x0 binaries/ionull.o
 .note.GNU-stack
                0x0000000000000000        0x0 binaries/kill.o
 .note.GNU-stack
                0x0000000000000000        0x0 binaries/kprintf.o
 .note.GNU-stack
                0x0000000000000000        0x0 binaries/lock.o
 .note.GNU-stack
                0x0000000000000000        0x0 binaries/main.o
 .note.GNU-stack
                0x0000000000000000        0x0 binaries/mark.o
 .note.GNU-stack
                0x0000000000000000        0x0 binaries/meminit.o
 .note.GNU-stack
                0x0000000000000000        0x0 binaries/mkbufpool.o
 .note.GNU-stack
                0x0000000000000000        0x0 binaries/mutex.o
 .note.GNU-stack
                0x0000000000000000        0x0 binaries/newqueue.o
 .note.GNU-stack
                0x0000000000000000        0x0 binaries/open.o
 .note.GNU-stack
                0x0000000000000000        0x0 binaries/panic.o
 .note.GNU-stack
                0x0000000000000000        0x0 binaries/pci.o
 .note.GNU-stack
                0x0000000000000000        0x0 binaries/ptclear.o
 .note.GNU-stack
                0x0000000000000000        0x0 binaries/ptcount.o
 .note.GNU-stack
                0x0000000000000000        0x0 binaries/ptcreate.o
 .note.GNU-stack
                0x0000000000000000        0x0 binaries/ptdelete.o
 .note.GNU-stack
                0x0000000000000000        0x0 binaries/ptinit.o
 .note.GNU-stack
                0x0000000000000000        0x0 binaries/ptrecv.o
 .note.GNU-stack
                0x0000000000000000        0x0 binaries/ptreset.o
 .note.GNU-stack
                0x0000000000000000        0x0 binaries/ptsend.o
 .note.GNU-stack
                0x0000000000000000        0x0 binaries/putc.o
 .note.GNU-stack
                0x0000000000000000        0x0 binaries/queue.o
 .note.GNU-stack
                0x0000000000000000        0x0 binaries/read.o
 .note.GNU-stack
                0x0000000000000000        0x0 binaries/ready.o
 .note.GNU-stack
                0x0000000000000000        0x0 binaries/receive.o
 .note.GNU-stack
                0x0000000000000000        0x0 binaries/recvclr.o
 .note.GNU-stack
                0x0000000000000000        0x0 binaries/recvtime.o
 .note.GNU-stack
                0x0000000000000000        0x0 binaries/resched.o
 .note.GNU-stack
                0x0000000000000000        0x0 binaries/resume.o
 .note.GNU-stack
                0x0000000000000000        0x0 binaries/seek.o
 .note.GNU-stack
                0x0000000000000000        0x0 binaries/semcount.o
 .note.GNU-stack
                0x0000000000000000        0x0 binaries/semcreate.o
 .note.GNU-stack
                0x0000000000000000        0x0 binaries/semdelete.o
 .note.GNU-stack
                0x0000000000000000        0x0 binaries/semreset.o
 .note.GNU-stack
                0x0000000000000000        0x0 binaries/send.o
 .note.GNU-stack
                0x0000000000000000        0x0 binaries/signal.o
 .note.GNU-stack
                0x0000000000000000        0x0 binaries/signaln.o
 .note.GNU-stack
                0x0000000000000000        0x0 binaries/sleep.o
 .note.GNU-stack
                0x0000000000000000        0x0 binaries/stacktrace.o
 .note.GNU-stack
                0x0000000000000000        0x0 binaries/suspend.o
 .note.GNU-stack
                0x0000000000000000        0x0 binaries/unsleep.o
 .note.GNU-stack
                0x0000000000000000        0x0 binaries/userret.o
 .note.GNU-stack
                0x0000000000000000        0x0 binaries/wait.o
 .note.GNU-stack
                0x0000000000000000        0x0 binaries/wakeup.o
 .note.GNU-stack
                0x0000000000000000        0x0 binaries/write.o
 .note.GNU-stack
                0x0000000000000000        0x0 binaries/xdone.o
 .note.GNU-stack
                0x0000000000000000        0x0 binaries/yield.o
 .note.GNU-stack
                0x0000000000000000        0x0 binaries/abs.o
 .note.GNU-stack
                0x0000000000000000        0x0 binaries/atoi.o
 .note.GNU-stack
                0x0000000000000000        0x0 binaries/atol.o
 .note.GNU-stack
                0x0000000000000000        0x0 binaries/bzero.o
 .note.GNU-stack
                0x0000000000000000        0x0 binaries/ctype_.o
 .note.GNU-stack
                0x0000000000000000        0x0 binaries/doprnt.o
 .note.GNU-stack
                0x0000000000000000        0x0 binaries/doscan.o
 .note.GNU-stack
                0x0000000000000000        0x0 binaries/fdoprnt.o
 .note.GNU-stack
                0x0000000000000000        0x0 binaries/fgetc.o
 .note.GNU-stack
                0x0000000000000000        0x0 binaries/fgets.o
 .note.GNU-stack
                0x0000000000000000        0x0 binaries/fprintf.o
 .note.GNU-stack
                0x0000000000000000        0x0 binaries/fputc.o
 .note.GNU-stack
                0x0000000000000000        0x0 binaries/fputs.o
 .note.GNU-stack
                0x0000000000000000        0x0 binaries/fscanf.o
 .note.GNU-stack
                0x0000000000000000        0x0 binaries/getchar.o
 .note.GNU-stack
                0x0000000000000000        0x0 binaries/labs.o
 .note.GNU-stack
                0x0000000000000000        0x0 binaries/memchr.o
 .note.GNU-stack
                0x0000000000000000        0x0 binaries/memcmp.o
 .note.GNU-stack
                0x0000000000000000        0x0 binaries/memcpy.o
 .note.GNU-stack
                0x0000000000000000        0x0 binaries/memset.o
 .note.GNU-stack
                0x0000000000000000        0x0 binaries/printf.o
 .note.GNU-stack
                0x0000000000000000        0x0 binaries/putchar.o
 .note.GNU-stack
                0x0000000000000000        0x0 binaries/qsort.o
 .note.GNU-stack
                0x0000000000000000        0x0 binaries/rand.o
 .note.GNU-stack
                0x0000000000000000        0x0 binaries/sprintf.o
 .note.GNU-stack
                0x0000000000000000        0x0 binaries/sscanf.o
 .note.GNU-stack
                0x0000000000000000        0x0 binaries/strchr.o
 .note.GNU-stack
                0x0000000000000000        0x0 binaries/strcmp.o
 .note.GNU-stack
                0x0000000000000000        0x0 binaries/strcpy.o
 .note.GNU-stack
                0x0000000000000000        0x0 binaries/strlen.o
 .note.GNU-stack
                0x0000000000000000        0x0 binaries/strncat.o
 .note.GNU-stack
                0x0000000000000000        0x0 binaries/strncmp.o
 .note.GNU-stack
                0x0000000000000000        0x0 binaries/strncpy.o
 .note.GNU-stack
                0x0000000000000000        0x0 binaries/strnlen.o
 .note.GNU-stack
                0x0000000000000000        0x0 binaries/strrchr.o
 .note.GNU-stack
                0x0000000000000000        0x0 binaries/strstr.o
 .note.GNU-stack
                0x0000000000000000        0x0 binaries/ttycontrol.o
 .note.GNU-stack
                0x0000000000000000        0x0 binaries/ttygetc.o
 .note.GNU-stack
                0x0000000000000000        0x0 binaries/ttyhandle_in.o
 .note.GNU-stack
                0x0000000000000000        0x0 binaries/ttyhandle_out.o
 .note.GNU-stack
                0x0000000000000000        0x0 binaries/ttyhandler.o
 .note.GNU-stack
                0x0000000000000000        0x0 binaries/ttyinit.o
 .note.GNU-stack
                0x0000000000000000        0x0 binaries/ttykickout.o
 .note.GNU-stack
                0x0000000000000000        0x0 binaries/ttyputc.o
 .note.GNU-stack
                0x0000000000000000        0x0 binaries/ttyread.o
 .note.GNU-stack
                0x0000000000000000        0x0 binaries/ttywrite.o
 .note.GNU-stack
                0x0000000000000000        0x0 binaries/mount.o
 .note.GNU-stack
                0x0000000000000000        0x0 binaries/naminit.o
 .note.GNU-stack
                0x0000000000000000        0x0 binaries/nammap.o
 .note.GNU-stack
                0x0000000000000000        0x0 binaries/namopen.o
 .note.GNU-stack
                0x0000000000000000        0x0 binaries/82545EMInit.o
 .note.GNU-stack
                0x0000000000000000        0x0 binaries/ethcontrol.o
 .note.GNU-stack
                0x0000000000000000        0x0 binaries/ethhandler.o
 .note.GNU-stack
                0x0000000000000000        0x0 binaries/ethinit.o
 .note.GNU-stack
                0x0000000000000000        0x0 binaries/ethread.o
 .note.GNU-stack
                0x0000000000000000        0x0 binaries/ethwrite.o
 .note.GNU-stack
                0x0000000000000000        0x0 binaries/rdsbufalloc.o
 .note.GNU-stack
                0x0000000000000000        0x0 binaries/rdsclose.o
 .note.GNU-stack
                0x0000000000000000        0x0 binaries/rdscomm.o
 .note.GNU-stack
                0x0000000000000000        0x0 binaries/rdscontrol.o
 .note.GNU-stack
                0x0000000000000000        0x0 binaries/rdsinit.o
 .note.GNU-stack
                0x0000000000000000        0x0 binaries/rdsopen.o
 .note.GNU-stack
                0x0000000000000000        0x0 binaries/rdsprocess.o
 .note.GNU-stack
                0x0000000000000000        0x0 binaries/rdsread.o
 .note.GNU-stack
                0x0000000000000000        0x0 binaries/rdswrite.o
 .note.GNU-stack
                0x0000000000000000        0x0 binaries/ramclose.o
 .note.GNU-stack
                0x0000000000000000        0x0 binaries/raminit.o
 .note.GNU-stack
                0x0000000000000000        0x0 binaries/ramopen.o
 .note.GNU-stack
                0x0000000000000000        0x0 binaries/ramread.o
 .note.GNU-stack
                0x0000000000000000        0x0 binaries/ramwrite.o
 .note.GNU-stack
                0x0000000000000000        0x0 binaries/lfdballoc.o
 .note.GNU-stack
                0x0000000000000000        0x0 binaries/lfdbfree.o
 .note.GNU-stack
                0x0000000000000000        0x0 binaries/lfflush.o
 .note.GNU-stack
                0x0000000000000000        0x0 binaries/lfgetmode.o
 .note.GNU-stack
                0x0000000000000000        0x0 binaries/lfiballoc.o
 .note.GNU-stack
                0x0000000000000000        0x0 binaries/lfibclear.o
 .note.GNU-stack
                0x0000000000000000        0x0 binaries/lfibget.o
 .note.GNU-stack
                0x0000000000000000        0x0 binaries/lfibput.o
 .note.GNU-stack
                0x0000000000000000        0x0 binaries/lflclose.o
 .note.GNU-stack
                0x0000000000000000        0x0 binaries/lflcontrol.o
 .note.GNU-stack
                0x0000000000000000        0x0 binaries/lflgetc.o
 .note.GNU-stack
                0x0000000000000000        0x0 binaries/lflinit.o
 .note.GNU-stack
                0x0000000000000000        0x0 binaries/lflputc.o
 .note.GNU-stack
                0x0000000000000000        0x0 binaries/lflread.o
 .note.GNU-stack
                0x0000000000000000        0x0 binaries/lflseek.o
 .note.GNU-stack
                0x0000000000000000        0x0 binaries/lflwrite.o
 .note.GNU-stack
                0x0000000000000000        0x0 binaries/lfscheck.o
 .note.GNU-stack
                0x0000000000000000        0x0 binaries/lfsckfmt.o
 .note.GNU-stack
                0x0000000000000000        0x0 binaries/lfscreate.o
 .note.GNU-stack
                0x0000000000000000        0x0 binaries/lfsetup.o
 .note.GNU-stack
                0x0000000000000000        0x0 binaries/lfsinit.o
 .note.GNU-stack
                0x0000000000000000        0x0 binaries/lfsopen.o
 .note.GNU-stack
                0x0000000000000000        0x0 binaries/lftruncate.o
 .note.GNU-stack
                0x0000000000000000        0x0 binaries/rflclose.o
 .note.GNU-stack
                0x0000000000000000        0x0 binaries/rflgetc.o
 .note.GNU-stack
                0x0000000000000000        0x0 binaries/rflinit.o
 .note.GNU-stack
                0x0000000000000000        0x0 binaries/rflputc.o
 .note.GNU-stack
                0x0000000000000000        0x0 binaries/rflread.o
 .note.GNU-stack
                0x0000000000000000        0x0 binaries/rflseek.o
 .note.GNU-stack
                0x0000000000000000        0x0 binaries/rflwrite.o
 .note.GNU-stack
                0x0000000000000000        0x0 binaries/rfscomm.o
 .note.GNU-stack
                0x0000000000000000        0x0 binaries/rfscontrol.o
 .note.GNU-stack
                0x0000000000000000        0x0 binaries/rfsgetmode.o
 .note.GNU-stack
                0x0000000000000000        0x0 binaries/rfsinit.o
 .note.GNU-stack
                0x0000000000000000        0x0 binaries/rfsndmsg.o
 .note.GNU-stack
                0x0000000000000000        0x0 binaries/rfsopen.o
 .note.GNU-stack
                0x0000000000000000        0x0 binaries/arp.o
 .note.GNU-stack
                0x0000000000000000        0x0 binaries/dhcp.o
 .note.GNU-stack
                0x0000000000000000        0x0 binaries/dns.o
 .note.GNU-stack
                0x0000000000000000        0x0 binaries/dot2ip.o
 .note.GNU-stack
                0x0000000000000000        0x0 binaries/hexdump.o
 .note.GNU-stack
                0x0000000000000000        0x0 binaries/icmp.o
 .note.GNU-stack
                0x0000000000000000        0x0 binaries/ip.o
 .note.GNU-stack
                0x0000000000000000        0x0 binaries/net.o
 .note.GNU-stack
                0x0000000000000000        0x0 binaries/pdump.o
 .note.GNU-stack
                0x0000000000000000        0x0 binaries/tftp.o
 .note.GNU-stack
                0x0000000000000000        0x0 binaries/udp.o
 .note.GNU-stack
                0x0000000000000000        0x0 binaries/addargs.o
 .note.GNU-stack
                0x0000000000000000        0x0 binaries/lexan.o
 .note.GNU-stack
                0x0000000000000000        0x0 binaries/shell.o
 .note.GNU-stack
                0x0000000000000000        0x0 binaries/xsh_argecho.o
 .note.GNU-stack
                0x0000000000000000        0x0 binaries/xsh_arp.o
 .note.GNU-stack
                0x0000000000000000        0x0 binaries/xsh_cat.o
 .note.GNU-stack
                0x0000000000000000        0x0 binaries/xsh_clear.o
 .note.GNU-stack
                0x0000000000000000        0x0 binaries/xsh_date.o
 .note.GNU-stack
                0x0000000000000000        0x0 binaries/xsh_devdump.o
 .note.GNU-stack
                0x0000000000000000        0x0 binaries/xsh_echo.o
 .note.GNU-stack
                0x0000000000000000        0x0 binaries/xsh_exit.o
 .note.GNU-stack
                0x0000000000000000        0x0 binaries/xsh_help.o
 .note.GNU-stack
                0x0000000000000000        0x0 binaries/xsh_kill.o
 .note.GNU-stack
                0x0000000000000000        0x0 binaries/xsh_memdump.o
 .note.GNU-stack
                0x0000000000000000        0x0 binaries/xsh_memstat.o
 .note.GNU-stack
                0x0000000000000000        0x0 binaries/xsh_netinfo.o
 .note.GNU-stack
                0x0000000000000000        0x0 binaries/xsh_ping.o
 .note.GNU-stack
                0x0000000000000000        0x0 binaries/xsh_ps.o
 .note.GNU-stack
                0x0000000000000000        0x0 binaries/xsh_sleep.o
 .note.GNU-stack
                0x0000000000000000        0x0 binaries/xsh_udpdump.o
 .note.GNU-stack
                0x0000000000000000        0x0 binaries/xsh_udpecho.o
 .note.GNU-stack
                0x0000000000000000        0x0 binaries/xsh_udpserver.o
 .note.GNU-stack
                0x0000000000000000        0x0 binaries/xsh_uptime.o
