
Allocating common symbols
Common symbol       size              file

netbufpool          0x4               binaries/net.o
currentSpeed        0x4               binaries/fuel.o
readylist           0x2               binaries/ready.o
rfltab              0x5a0             binaries/rflinit.o
netportseed         0x8               binaries/net.o
sleepq              0x2               binaries/clkinit.o
currentFuel         0x4               binaries/fuel.o
nnames              0x4               binaries/naminit.o
udptab              0x168             binaries/udp.o
minheap             0x4               binaries/meminit.o
marks               0x50              binaries/mark.o
currpid             0x4               binaries/initialize.o
Lf_data             0x20c             binaries/lfsinit.o
porttab             0x2d0             binaries/ptinit.o
girmask             0x2               binaries/evec.o
ttytab              0x110             binaries/ttyinit.o
proctab             0x15e0            binaries/initialize.o
prcount             0x4               binaries/initialize.o
lfltab              0xf00             binaries/lflinit.o
rdstab              0x8c              binaries/rdsinit.o
ethertab            0x130             binaries/ethinit.o
currentProcessIndex
                    0x4               binaries/dashboard.o
NetData             0xb0              binaries/net.o
nmarks              0x4               binaries/mark.o
warningType         0x4               binaries/fuel.o
initsp              0x4               binaries/i386.o
Defer               0x8               binaries/resched.o
semtab              0x4b0             binaries/initialize.o
maxheap             0x4               binaries/meminit.o
preempt             0x4               binaries/clkinit.o
buftab              0xf0              binaries/bufinit.o
Rf_data             0x18              binaries/rfsinit.o
mkmutex             0x4               binaries/mark.o
clktime             0x4               binaries/clkinit.o
arpcache            0x140             binaries/arp.o
icmptab             0x230             binaries/icmp.o
nbpools             0x4               binaries/bufinit.o
queuetab            0x980             binaries/queue.o
ptnextid            0x4               binaries/ptinit.o
Ram                 0x19000           binaries/raminit.o
ipoqueue            0x2c              binaries/ip.o
memlist             0x8               binaries/initialize.o
nametab             0x19a0            binaries/naminit.o
ptfree              0x4               binaries/ptinit.o
pids                0x18              binaries/dashboard.o

Memory Configuration

Name             Origin             Length             Attributes
*default*        0x0000000000000000 0xffffffffffffffff

Linker script and memory map

                0x0000000000100000                physbase = 0x100000
                0x0000000000100000                . = physbase
                0x0000000000100000                . = ALIGN (0x1000)

.text           0x0000000000100000    0x1c000
                0x0000000000100000                text = ABSOLUTE (.)
 *(.text .text.*)
 .text          0x0000000000100000      0x165 binaries/start.o
                0x0000000000100020                entry
                0x000000000010003d                start
                0x00000000001000a5                inb
                0x00000000001000ad                inw
                0x00000000001000b6                inl
                0x00000000001000be                outb
                0x00000000001000c8                outw
                0x00000000001000d3                outl
                0x00000000001000dd                _rtcin
                0x00000000001000e8                ___udivsi3
                0x00000000001000f3                ___divsi3
                0x00000000001000ff                sbzero
                0x000000000010010f                bcopy
                0x0000000000100123                insw
                0x0000000000100139                outsw
                0x000000000010014f                lidt
                0x0000000000100157                jumptocode
                0x000000000010015e                jumptobootcode
 .text          0x0000000000100165      0x3e3 binaries/ascdate.o
                0x0000000000100165                ascdate
 .text          0x0000000000100548       0x14 binaries/bufinit.o
                0x0000000000100548                bufinit
 .text          0x000000000010055c      0x41b binaries/calendar.o
                0x000000000010055c                dayNumber
                0x00000000001005df                getMonthName
                0x000000000010066a                numberOfDays
                0x0000000000100754                printCalendar
 .text          0x0000000000100977       0x94 binaries/chprio.o
                0x0000000000100977                chprio
 .text          0x0000000000100a0b       0x96 binaries/clkhandler.o
                0x0000000000100a0b                clkhandler
 .text          0x0000000000100aa1       0x7e binaries/clkinit.o
                0x0000000000100aa1                clkinit
 .text          0x0000000000100b1f       0x75 binaries/close.o
                0x0000000000100b1f                close
 .text          0x0000000000100b94        0x0 binaries/conf.o
 .text          0x0000000000100b94       0x7b binaries/control.o
                0x0000000000100b94                control
 .text          0x0000000000100c0f      0x2c0 binaries/create.o
                0x0000000000100c0f                create
 .text          0x0000000000100ecf      0x22c binaries/dashboard.o
                0x0000000000100ecf                dashboard
 .text          0x00000000001010fb      0x359 binaries/evec.o
                0x00000000001010fb                initevec
                0x0000000000101152                set_evec
                0x00000000001011f4                trap
 .text          0x0000000000101454       0x19 binaries/exit.o
                0x0000000000101454                exit
 .text          0x000000000010146d       0x8c binaries/freebuf.o
                0x000000000010146d                freebuf
 .text          0x00000000001014f9      0x172 binaries/freemem.o
                0x00000000001014f9                freemem
 .text          0x000000000010166b      0x2bf binaries/fuel.o
                0x000000000010166b                fuelgen
                0x00000000001016b2                getFuel
                0x00000000001017ee                printFuel
 .text          0x000000000010192a       0x8a binaries/getbuf.o
                0x000000000010192a                getbuf
 .text          0x00000000001019b4       0x75 binaries/getc.o
                0x00000000001019b4                getc
 .text          0x0000000000101a29       0x74 binaries/getdev.o
                0x0000000000101a29                getdev
 .text          0x0000000000101a9d       0xd0 binaries/getitem.o
                0x0000000000101a9d                getfirst
                0x0000000000101ae2                getlast
                0x0000000000101b29                getitem
 .text          0x0000000000101b6d      0x10a binaries/getmem.o
                0x0000000000101b6d                getmem
 .text          0x0000000000101c77        0xa binaries/getpid.o
                0x0000000000101c77                getpid
 .text          0x0000000000101c81       0x7d binaries/getprio.o
                0x0000000000101c81                getprio
 .text          0x0000000000101cfe       0xfb binaries/getstk.o
                0x0000000000101cfe                getstk
 .text          0x0000000000101df9       0x16 binaries/getticks.o
                0x0000000000101df9                getticks
 .text          0x0000000000101e0f       0x3a binaries/gettime.o
                0x0000000000101e0f                gettime
 .text          0x0000000000101e49      0x1e4 binaries/getutime.o
                0x0000000000101e49                getutime
 .text          0x000000000010202d      0x3c5 binaries/i386.o
                0x000000000010202d                setsegs
                0x000000000010213f                init8259
                0x00000000001021f1                pseg
                0x0000000000102399                setirmask
 .text          0x00000000001023f2       0x75 binaries/init.o
                0x00000000001023f2                init
 .text          0x0000000000102467      0x3c8 binaries/initialize.o
                0x0000000000102467                nulluser
                0x00000000001027d6                stop
                0x0000000000102801                delay
 .text          0x000000000010282f       0xde binaries/insert.o
                0x000000000010282f                insert
 .text          0x000000000010290d      0x110 binaries/insertd.o
                0x000000000010290d                insertd
 .text          0x0000000000102a1d        0xa binaries/ioerr.o
                0x0000000000102a1d                ioerr
 .text          0x0000000000102a27        0xa binaries/ionull.o
                0x0000000000102a27                ionull
 .text          0x0000000000102a31      0x19d binaries/kill.o
                0x0000000000102a31                kill
 .text          0x0000000000102bce      0x14e binaries/kprintf.o
                0x0000000000102bce                kputc
                0x0000000000102c61                kgetc
                0x0000000000102cf2                kprintf
 .text          0x0000000000102d1c      0x5ea binaries/main.o
                0x0000000000102d1c                infinite_loop
                0x0000000000102ddb                getCal
                0x0000000000102e79                printTime
                0x00000000001030de                main
 .text          0x0000000000103306       0xb5 binaries/mark.o
                0x0000000000103306                markinit
                0x000000000010332a                mark
 .text          0x00000000001033bb       0xcc binaries/meminit.o
                0x00000000001033bb                meminit
 .text          0x0000000000103487      0x174 binaries/mkbufpool.o
                0x0000000000103487                mkbufpool
 .text          0x00000000001035fb       0x94 binaries/newqueue.o
                0x00000000001035fb                newqueue
 .text          0x000000000010368f       0x7b binaries/open.o
                0x000000000010368f                open
 .text          0x000000000010370a       0x20 binaries/panic.o
                0x000000000010370a                panic
 .text          0x000000000010372a      0x489 binaries/pci.o
                0x000000000010372a                pci_init
                0x00000000001039e7                find_pci_device
                0x0000000000103a35                pci_bios_read_config_byte
                0x0000000000103a74                pci_bios_read_config_word
                0x0000000000103ab6                pci_bios_read_config_dword
                0x0000000000103af5                pci_bios_write_config_byte
                0x0000000000103b36                pci_bios_write_config_word
                0x0000000000103b78                pci_bios_write_config_dword
 .text          0x0000000000103bb3       0xf1 binaries/ptclear.o
                0x0000000000103bb3                _ptclear
 .text          0x0000000000103ca4       0x9d binaries/ptcount.o
                0x0000000000103ca4                ptcount
 .text          0x0000000000103d41      0x116 binaries/ptcreate.o
                0x0000000000103d41                ptcreate
 .text          0x0000000000103e57       0x7f binaries/ptdelete.o
                0x0000000000103e57                ptdelete
 .text          0x0000000000103ed6       0xbf binaries/ptinit.o
                0x0000000000103ed6                ptinit
 .text          0x0000000000103f95      0x11b binaries/ptrecv.o
                0x0000000000103f95                ptrecv
 .text          0x00000000001040b0       0x77 binaries/ptreset.o
                0x00000000001040b0                ptreset
 .text          0x0000000000104127      0x13d binaries/ptsend.o
                0x0000000000104127                ptsend
 .text          0x0000000000104264       0x80 binaries/putc.o
                0x0000000000104264                putc
 .text          0x00000000001042e4      0x111 binaries/queue.o
                0x00000000001042e4                enqueue
                0x0000000000104388                dequeue
 .text          0x00000000001043f5       0x7b binaries/read.o
                0x00000000001043f5                read
 .text          0x0000000000104470       0x7e binaries/ready.o
                0x0000000000104470                ready
 .text          0x00000000001044ee       0x62 binaries/receive.o
                0x00000000001044ee                receive
 .text          0x0000000000104550       0x5e binaries/recvclr.o
                0x0000000000104550                recvclr
 .text          0x00000000001045ae       0xbd binaries/recvtime.o
                0x00000000001045ae                recvtime
 .text          0x000000000010466b      0x242 binaries/resched.o
                0x000000000010466b                resched
                0x0000000000104838                resched_cntl
 .text          0x00000000001048ad       0xb1 binaries/resume.o
                0x00000000001048ad                resume
 .text          0x000000000010495e       0x79 binaries/seek.o
                0x000000000010495e                seek
 .text          0x00000000001049d7       0x70 binaries/semcount.o
                0x00000000001049d7                semcount
 .text          0x0000000000104a47       0xd6 binaries/semcreate.o
                0x0000000000104a47                semcreate
 .text          0x0000000000104b1d       0xcd binaries/semdelete.o
                0x0000000000104b1d                semdelete
 .text          0x0000000000104bea       0xcb binaries/semreset.o
                0x0000000000104bea                semreset
 .text          0x0000000000104cb5       0xed binaries/send.o
                0x0000000000104cb5                send
 .text          0x0000000000104da2       0xa8 binaries/signal.o
                0x0000000000104da2                signal
 .text          0x0000000000104e4a       0xd6 binaries/signaln.o
                0x0000000000104e4a                signaln
 .text          0x0000000000104f20       0xed binaries/sleep.o
                0x0000000000104f20                sleep
                0x0000000000104f6e                sleepms
 .text          0x000000000010500d      0x2d2 binaries/speed.o
                0x000000000010500d                speedgen
                0x00000000001050a1                getspeed
                0x00000000001051a3                printSpeed
 .text          0x00000000001052df      0x192 binaries/stacktrace.o
                0x00000000001052df                stacktrace
 .text          0x0000000000105471       0xe7 binaries/suspend.o
                0x0000000000105471                suspend
 .text          0x0000000000105558       0xe9 binaries/unsleep.o
                0x0000000000105558                unsleep
 .text          0x0000000000105641       0x19 binaries/userret.o
                0x0000000000105641                userret
 .text          0x000000000010565a       0xdd binaries/wait.o
                0x000000000010565a                wait
 .text          0x0000000000105737       0x72 binaries/wakeup.o
                0x0000000000105737                wakeup
 .text          0x00000000001057a9      0x152 binaries/warning.o
                0x00000000001057a9                warning
 .text          0x00000000001058fb       0x7b binaries/write.o
                0x00000000001058fb                write
 .text          0x0000000000105976       0x1d binaries/xdone.o
                0x0000000000105976                xdone
 .text          0x0000000000105993       0x28 binaries/yield.o
                0x0000000000105993                yield
 .text          0x00000000001059bb       0x11 binaries/abs.o
                0x00000000001059bb                abs
 .text          0x00000000001059cc       0x8f binaries/atoi.o
                0x00000000001059cc                atoi
 .text          0x0000000000105a5b       0x8f binaries/atol.o
                0x0000000000105a5b                atol
 .text          0x0000000000105aea       0x31 binaries/bzero.o
                0x0000000000105aea                bzero
 .text          0x0000000000105b1b        0x0 binaries/ctype_.o
 .text          0x0000000000105b1b      0x8ed binaries/doprnt.o
                0x0000000000105b1b                _doprnt
 .text          0x0000000000106408      0x65c binaries/doscan.o
                0x0000000000106408                _doscan
 .text          0x0000000000106a64      0x711 binaries/fdoprnt.o
                0x0000000000106a64                _fdoprnt
 .text          0x0000000000107175       0x29 binaries/fgetc.o
                0x0000000000107175                fgetc
 .text          0x000000000010719e       0x75 binaries/fgets.o
                0x000000000010719e                fgets
 .text          0x0000000000107213       0x2a binaries/fprintf.o
                0x0000000000107213                fprintf
 .text          0x000000000010723d       0x2c binaries/fputc.o
                0x000000000010723d                fputc
 .text          0x0000000000107269       0x43 binaries/fputs.o
                0x0000000000107269                fputs
 .text          0x00000000001072ac       0x8a binaries/fscanf.o
                0x00000000001072ac                fscanf
 .text          0x0000000000107336       0x32 binaries/getchar.o
                0x0000000000107336                getchar
 .text          0x0000000000107368       0x11 binaries/labs.o
                0x0000000000107368                labs
 .text          0x0000000000107379        0x0 binaries/memchr.o
 .text          0x0000000000107379       0x51 binaries/memcmp.o
                0x0000000000107379                memcmp
 .text          0x00000000001073ca       0x3f binaries/memcpy.o
                0x00000000001073ca                memcpy
 .text          0x0000000000107409       0x30 binaries/memset.o
                0x0000000000107409                memset
 .text          0x0000000000107439       0x48 binaries/printf.o
                0x0000000000107439                printf
 .text          0x0000000000107481       0x35 binaries/putchar.o
                0x0000000000107481                putchar
 .text          0x00000000001074b6      0x27e binaries/qsort.o
                0x00000000001074b6                qsort
 .text          0x0000000000107734       0x63 binaries/rand.o
                0x0000000000107734                rand
                0x000000000010774c                rand_r
                0x000000000010778a                srand
 .text          0x0000000000107797       0x66 binaries/sprintf.o
                0x0000000000107797                sprintf
 .text          0x00000000001077fd       0x70 binaries/sscanf.o
                0x00000000001077fd                sscanf
 .text          0x000000000010786d       0x3c binaries/strchr.o
                0x000000000010786d                strchr
 .text          0x00000000001078a9       0x45 binaries/strcmp.o
                0x00000000001078a9                strcmp
 .text          0x00000000001078ee       0x27 binaries/strcpy.o
                0x00000000001078ee                strcpy
 .text          0x0000000000107915       0x26 binaries/strlen.o
                0x0000000000107915                strlen
 .text          0x000000000010793b       0x56 binaries/strncat.o
                0x000000000010793b                strncat
 .text          0x0000000000107991       0x5f binaries/strncmp.o
                0x0000000000107991                strncmp
 .text          0x00000000001079f0       0x4f binaries/strncpy.o
                0x00000000001079f0                strncpy
 .text          0x0000000000107a3f       0x2e binaries/strnlen.o
                0x0000000000107a3f                strnlen
 .text          0x0000000000107a6d       0x45 binaries/strrchr.o
                0x0000000000107a6d                strrchr
 .text          0x0000000000107ab2       0x6d binaries/strstr.o
                0x0000000000107ab2                strstr
 .text          0x0000000000107b1f       0xe4 binaries/ttycontrol.o
                0x0000000000107b1f                ttycontrol
 .text          0x0000000000107c03       0x97 binaries/ttygetc.o
                0x0000000000107c03                ttygetc
 .text          0x0000000000107c9a      0x6ee binaries/ttyhandle_in.o
                0x0000000000107c9a                ttyhandle_in
 .text          0x0000000000108388      0x1ae binaries/ttyhandle_out.o
                0x0000000000108388                ttyhandle_out
 .text          0x0000000000108536       0xce binaries/ttyhandler.o
                0x0000000000108536                ttyhandler
 .text          0x0000000000108604      0x22f binaries/ttyinit.o
                0x0000000000108604                ttyinit
 .text          0x0000000000108833       0x1b binaries/ttykickout.o
                0x0000000000108833                ttykickout
 .text          0x000000000010884e       0xb7 binaries/ttyputc.o
                0x000000000010884e                ttyputc
 .text          0x0000000000108905      0x11b binaries/ttyread.o
                0x0000000000108905                ttyread
 .text          0x0000000000108a20       0x4f binaries/ttywrite.o
                0x0000000000108a20                ttywrite
 .text          0x0000000000108a6f      0x14b binaries/mount.o
                0x0000000000108a6f                mount
                0x0000000000108b84                namlen
 .text          0x0000000000108bba      0x1ea binaries/naminit.o
                0x0000000000108bba                naminit
 .text          0x0000000000108da4      0x211 binaries/nammap.o
                0x0000000000108da4                nammap
                0x0000000000108e2f                namrepl
                0x0000000000108f65                namcpy
 .text          0x0000000000108fb5       0x4e binaries/namopen.o
                0x0000000000108fb5                namopen
 .text          0x0000000000109003      0xec3 binaries/82545EMInit.o
                0x0000000000109061                _82545EMInit
                0x0000000000109d32                _82545EM_read_phy_reg
                0x0000000000109df8                _82545EM_write_phy_reg
 .text          0x0000000000109ec6      0x241 binaries/ethcontrol.o
                0x0000000000109f24                ethcontrol
                0x000000000010a09a                ethIrqDisable
                0x000000000010a0cf                ethIrqEnable
 .text          0x000000000010a107      0x252 binaries/ethhandler.o
                0x000000000010a277                ethhandler
 .text          0x000000000010a359      0x126 binaries/ethinit.o
                0x000000000010a359                ethinit
 .text          0x000000000010a47f      0x1f4 binaries/ethread.o
                0x000000000010a4dd                ethread
 .text          0x000000000010a673      0x19f binaries/ethwrite.o
                0x000000000010a6d1                ethwrite
 .text          0x000000000010a812       0x9e binaries/rdsbufalloc.o
                0x000000000010a812                rdsbufalloc
 .text          0x000000000010a8b0       0xcc binaries/rdsclose.o
                0x000000000010a8b0                rdsclose
 .text          0x000000000010a97c      0x2e8 binaries/rdscomm.o
                0x000000000010a97c                rdscomm
 .text          0x000000000010ac64      0x233 binaries/rdscontrol.o
                0x000000000010ac64                rdscontrol
 .text          0x000000000010ae97      0x1f3 binaries/rdsinit.o
                0x000000000010ae97                rdsinit
 .text          0x000000000010b08a      0x19b binaries/rdsopen.o
                0x000000000010b08a                rdsopen
 .text          0x000000000010b225      0x461 binaries/rdsprocess.o
                0x000000000010b225                rdsprocess
 .text          0x000000000010b686      0x259 binaries/rdsread.o
                0x000000000010b686                rdsread
 .text          0x000000000010b8df      0x1fe binaries/rdswrite.o
                0x000000000010b8df                rdswrite
 .text          0x000000000010badd        0xa binaries/ramclose.o
                0x000000000010badd                ramclose
 .text          0x000000000010bae7       0x3e binaries/raminit.o
                0x000000000010bae7                raminit
 .text          0x000000000010bb25        0xa binaries/ramopen.o
                0x000000000010bb25                ramopen
 .text          0x000000000010bb2f       0x32 binaries/ramread.o
                0x000000000010bb2f                ramread
 .text          0x000000000010bb61       0x32 binaries/ramwrite.o
                0x000000000010bb61                ramwrite
 .text          0x000000000010bb93       0x98 binaries/lfdballoc.o
                0x000000000010bb93                lfdballoc
 .text          0x000000000010bc2b       0x58 binaries/lfdbfree.o
                0x000000000010bc2b                lfdbfree
 .text          0x000000000010bc83       0xb6 binaries/lfflush.o
                0x000000000010bc83                lfflush
 .text          0x000000000010bd39       0xd8 binaries/lfgetmode.o
                0x000000000010bd39                lfgetmode
 .text          0x000000000010be11       0x68 binaries/lfiballoc.o
                0x000000000010be11                lfiballoc
 .text          0x000000000010be79       0x3b binaries/lfibclear.o
                0x000000000010be79                lfibclear
 .text          0x000000000010beb4       0xad binaries/lfibget.o
                0x000000000010beb4                lfibget
 .text          0x000000000010bf61       0xdc binaries/lfibput.o
                0x000000000010bf61                lfibput
 .text          0x000000000010c03d       0xa2 binaries/lflclose.o
                0x000000000010c03d                lflclose
 .text          0x000000000010c0df       0xd0 binaries/lflcontrol.o
                0x000000000010c0df                lflcontrol
 .text          0x000000000010c1af       0xf2 binaries/lflgetc.o
                0x000000000010c1af                lflgetc
 .text          0x000000000010c2a1       0xf1 binaries/lflinit.o
                0x000000000010c2a1                lflinit
 .text          0x000000000010c392      0x122 binaries/lflputc.o
                0x000000000010c392                lflputc
 .text          0x000000000010c4b4       0x70 binaries/lflread.o
                0x000000000010c4b4                lflread
 .text          0x000000000010c524       0xac binaries/lflseek.o
                0x000000000010c524                lflseek
 .text          0x000000000010c5d0       0x55 binaries/lflwrite.o
                0x000000000010c5d0                lflwrite
 .text          0x000000000010c625       0x62 binaries/lfscheck.o
                0x000000000010c625                lfscheck
 .text          0x000000000010c687      0x175 binaries/lfsckfmt.o
                0x000000000010c687                lfsckfmt
 .text          0x000000000010c7fc      0x1ad binaries/lfscreate.o
                0x000000000010c7fc                lfscreate
 .text          0x000000000010c9a9      0x278 binaries/lfsetup.o
                0x000000000010c9a9                lfsetup
 .text          0x000000000010cc21       0x51 binaries/lfsinit.o
                0x000000000010cc21                lfsinit
 .text          0x000000000010cc72      0x3c0 binaries/lfsopen.o
                0x000000000010cc72                lfsopen
 .text          0x000000000010d032      0x15e binaries/lftruncate.o
                0x000000000010d032                lftruncate
 .text          0x000000000010d190       0x71 binaries/rflclose.o
                0x000000000010d190                rflclose
 .text          0x000000000010d201       0x32 binaries/rflgetc.o
                0x000000000010d201                rflgetc
 .text          0x000000000010d233       0x76 binaries/rflinit.o
                0x000000000010d233                rflinit
 .text          0x000000000010d2a9       0x33 binaries/rflputc.o
                0x000000000010d2a9                rflputc
 .text          0x000000000010d2dc      0x360 binaries/rflread.o
                0x000000000010d2dc                rflread
 .text          0x000000000010d63c       0x74 binaries/rflseek.o
                0x000000000010d63c                rflseek
 .text          0x000000000010d6b0      0x34d binaries/rflwrite.o
                0x000000000010d6b0                rflwrite
 .text          0x000000000010d9fd      0x1e2 binaries/rfscomm.o
                0x000000000010d9fd                rfscomm
 .text          0x000000000010dbdf      0x26d binaries/rfscontrol.o
                0x000000000010dbdf                rfscontrol
 .text          0x000000000010de4c       0xd8 binaries/rfsgetmode.o
                0x000000000010de4c                rfsgetmode
 .text          0x000000000010df24       0x86 binaries/rfsinit.o
                0x000000000010df24                rfsinit
 .text          0x000000000010dfaa      0x111 binaries/rfsndmsg.o
                0x000000000010dfaa                rfsndmsg
 .text          0x000000000010e0bb      0x2aa binaries/rfsopen.o
                0x000000000010e0bb                rfsopen
 .text          0x000000000010e365      0x836 binaries/arp.o
                0x000000000010e365                arp_init
                0x000000000010e397                arp_resolve
                0x000000000010e64b                arp_in
                0x000000000010e903                arp_alloc
                0x000000000010e9c3                arp_ntoh
                0x000000000010eaaf                arp_hton
 .text          0x000000000010eb9b      0x8e3 binaries/dhcp.o
                0x000000000010eb9b                dhcp_get_opt_val
                0x000000000010ebf4                dhcp_bld_bootp_msg
                0x000000000010ed01                dhcp_bld_disc
                0x000000000010edea                dhcp_bld_req
                0x000000000010ef5c                getlocalip
 .text          0x000000000010f47e      0x59f binaries/dns.o
                0x000000000010f47e                dnslookup
 .text          0x000000000010fa1d       0xe8 binaries/dot2ip.o
                0x000000000010fa1d                dot2ip
 .text          0x000000000010fb05      0x4c4 binaries/hexdump.o
                0x000000000010fb05                hexdump
                0x000000000010fcac                hexadump
 .text          0x000000000010ffc9      0x8af binaries/icmp.o
                0x000000000010ffc9                icmp_init
                0x0000000000110000                icmp_in
                0x00000000001101d6                icmp_register
                0x00000000001102d1                icmp_recv
                0x000000000011045d                icmp_send
                0x00000000001104e5                icmp_mkpkt
                0x00000000001105ff                icmp_release
                0x00000000001106fd                icmp_cksum
                0x0000000000110790                icmp_hton
                0x0000000000110804                icmp_ntoh
 .text          0x0000000000110878      0x8a5 binaries/ip.o
                0x0000000000110878                ip_in
                0x00000000001109fc                ip_send
                0x0000000000110b57                ip_local
                0x0000000000110ba3                ip_out
                0x0000000000110cdc                ipcksum
                0x0000000000110d62                ip_ntoh
                0x0000000000110e4e                ip_hton
                0x0000000000110f3a                ipout
                0x0000000000111069                ip_enqueue
 .text          0x000000000011111d      0x2cd binaries/net.o
                0x000000000011111d                net_init
                0x0000000000111245                netin
                0x0000000000111302                eth_hton
                0x000000000011132c                eth_ntoh
                0x0000000000111356                getport
 .text          0x00000000001113ea     0x147f binaries/pdump.o
                0x00000000001113ea                pdump
                0x00000000001121a7                pdumph
 .text          0x0000000000112869      0x613 binaries/tftp.o
                0x0000000000112869                tftp_send1
                0x00000000001129e1                tftpget
                0x0000000000112a13                tftpget_mb
 .text          0x0000000000112e7c      0xb82 binaries/udp.o
                0x0000000000112e7c                udp_init
                0x0000000000112eb1                udp_in
                0x0000000000112ff3                udp_register
                0x0000000000113130                udp_recv
                0x00000000001132cc                udp_recvaddr
                0x0000000000113480                udp_send
                0x0000000000113668                udp_sendto
                0x0000000000113819                udp_release
                0x0000000000113914                udp_ntoh
                0x0000000000113989                udp_hton
 .text          0x00000000001139fe      0x13b binaries/addargs.o
                0x00000000001139fe                addargs
 .text          0x0000000000113b39      0x2c9 binaries/lexan.o
                0x0000000000113b39                lexan
 .text          0x0000000000113e02      0x667 binaries/shell.o
                0x0000000000113e02                shell
 .text          0x0000000000114469       0x69 binaries/xsh_argecho.o
                0x0000000000114469                xsh_argecho
 .text          0x00000000001144d2      0x275 binaries/xsh_arp.o
                0x00000000001144d2                xsh_arp
 .text          0x0000000000114747      0x275 binaries/xsh_cat.o
                0x0000000000114747                xsh_cat
 .text          0x00000000001149bc       0x5f binaries/xsh_clear.o
                0x00000000001149bc                xsh_clear
 .text          0x0000000000114a1b      0x2ff binaries/xsh_date.o
                0x0000000000114a1b                xsh_date
 .text          0x0000000000114d1a       0xaf binaries/xsh_devdump.o
                0x0000000000114d1a                xsh_devdump
 .text          0x0000000000114dc9       0x72 binaries/xsh_echo.o
                0x0000000000114dc9                xsh_echo
 .text          0x0000000000114e3b        0xa binaries/xsh_exit.o
                0x0000000000114e3b                xsh_exit
 .text          0x0000000000114e45      0x38b binaries/xsh_help.o
                0x0000000000114e45                xsh_help
 .text          0x00000000001151d0      0x24e binaries/xsh_kill.o
                0x00000000001151d0                xsh_kill
 .text          0x000000000011541e      0x54b binaries/xsh_memdump.o
                0x000000000011541e                xsh_memdump
 .text          0x0000000000115969      0x2b1 binaries/xsh_memstat.o
                0x0000000000115969                xsh_memstat
 .text          0x0000000000115c1a      0x511 binaries/xsh_netinfo.o
                0x0000000000115c1a                xsh_netinfo
 .text          0x000000000011612b      0x498 binaries/xsh_ping.o
                0x000000000011612b                xsh_ping
 .text          0x00000000001165c3      0x229 binaries/xsh_ps.o
                0x00000000001165c3                xsh_ps
 .text          0x00000000001167ec      0x22a binaries/xsh_sleep.o
                0x00000000001167ec                xsh_sleep
 .text          0x0000000000116a16      0x27c binaries/xsh_udpdump.o
                0x0000000000116a16                xsh_udpdump
 .text          0x0000000000116c92      0x4cc binaries/xsh_udpecho.o
                0x0000000000116c92                xsh_udpecho
 .text          0x000000000011715e      0x2b6 binaries/xsh_udpserver.o
                0x000000000011715e                xsh_udpeserver
 .text          0x0000000000117414      0x1f5 binaries/xsh_uptime.o
                0x0000000000117414                xsh_uptime
 .text          0x0000000000117609        0xe binaries/clkdisp.o
                0x0000000000117609                clkdisp
 .text          0x0000000000117617       0x19 binaries/ctxsw.o
                0x0000000000117617                ctxsw
 .text          0x0000000000117630      0x36b binaries/intr.o
                0x0000000000117630                disable
                0x0000000000117639                restore
                0x0000000000117647                enable
                0x0000000000117649                pause
                0x0000000000117650                halt
                0x0000000000117656                spurious_irq7
                0x000000000011765b                spurious_irq15
                0x000000000011766a                _Xint0
                0x0000000000117675                _Xint1
                0x0000000000117680                _Xint2
                0x000000000011768b                _Xint3
                0x0000000000117696                _Xint4
                0x00000000001176a1                _Xint5
                0x00000000001176ac                _Xint6
                0x00000000001176b7                _Xint7
                0x00000000001176c2                _Xint8
                0x00000000001176cd                _Xint9
                0x00000000001176d8                _Xint10
                0x00000000001176e3                _Xint11
                0x00000000001176f1                _Xint12
                0x00000000001176ff                _Xint13
                0x000000000011770d                _Xint14
                0x000000000011771b                _Xint15
                0x0000000000117729                _Xint16
                0x0000000000117737                _Xint17
                0x0000000000117745                _Xint18
                0x0000000000117753                _Xint19
                0x0000000000117761                _Xint20
                0x000000000011776f                _Xint21
                0x000000000011777d                _Xint22
                0x000000000011778b                _Xint23
                0x0000000000117799                _Xint24
                0x00000000001177a7                _Xint25
                0x00000000001177b5                _Xint26
                0x00000000001177c3                _Xint27
                0x00000000001177d1                _Xint28
                0x00000000001177df                _Xint29
                0x00000000001177ed                _Xint30
                0x00000000001177fb                _Xint31
                0x0000000000117809                _Xint32
                0x0000000000117817                _Xint33
                0x0000000000117825                _Xint34
                0x0000000000117833                _Xint35
                0x0000000000117841                _Xint36
                0x000000000011784f                _Xint37
                0x000000000011785d                _Xint38
                0x000000000011786b                _Xint39
                0x0000000000117879                _Xint40
                0x0000000000117887                _Xint41
                0x0000000000117895                _Xint42
                0x00000000001178a3                _Xint43
                0x00000000001178b1                _Xint44
                0x00000000001178bf                _Xint45
                0x00000000001178cd                _Xint46
                0x00000000001178db                defevec
 .text          0x000000000011799b        0xf binaries/ttydispatch.o
                0x000000000011799b                ttydispatch
 .text          0x00000000001179aa       0x13 binaries/ethdispatch.o
                0x00000000001179aa                ethdispatch
 *(.rodata .rodata.*)
 *fill*         0x00000000001179bd        0x3 
 .rodata        0x00000000001179c0       0x8e binaries/ascdate.o
 *fill*         0x0000000000117a4e       0x12 
 .rodata        0x0000000000117a60      0x123 binaries/calendar.o
 .rodata        0x0000000000117b83       0xae binaries/conf.o
 *fill*         0x0000000000117c31        0xf 
 .rodata        0x0000000000117c40       0xd0 binaries/dashboard.o
 .rodata        0x0000000000117d10      0x22f binaries/evec.o
 *fill*         0x0000000000117f3f        0x1 
 .rodata        0x0000000000117f40       0xb0 binaries/fuel.o
 .rodata        0x0000000000117ff0       0x61 binaries/getutime.o
 *fill*         0x0000000000118051        0x3 
 .rodata        0x0000000000118054       0x90 binaries/i386.o
 .rodata        0x00000000001180e4      0x180 binaries/initialize.o
 .rodata        0x0000000000118264       0x20 binaries/kill.o
 .rodata        0x0000000000118284      0x13e binaries/main.o
 .rodata        0x00000000001183c2        0xf binaries/panic.o
 *fill*         0x00000000001183d1        0x3 
 .rodata        0x00000000001183d4      0x1ec binaries/pci.o
 .rodata        0x00000000001185c0       0x1d binaries/ptinit.o
 *fill*         0x00000000001185dd        0x3 
 .rodata        0x00000000001185e0       0x25 binaries/ptsend.o
 *fill*         0x0000000000118605        0x3 
 .rodata        0x0000000000118608       0x93 binaries/speed.o
 *fill*         0x000000000011869b        0x1 
 .rodata        0x000000000011869c       0xb7 binaries/stacktrace.o
 *fill*         0x0000000000118753        0x1 
 .rodata        0x0000000000118754       0x85 binaries/warning.o
 *fill*         0x00000000001187d9        0x3 
 .rodata        0x00000000001187dc       0x27 binaries/xdone.o
 *fill*         0x0000000000118803       0x1d 
 .rodata        0x0000000000118820       0x81 binaries/ctype_.o
                0x0000000000118820                _ctype_
 *fill*         0x00000000001188a1        0x3 
 .rodata        0x00000000001188a4       0xee binaries/doprnt.o
 *fill*         0x0000000000118992        0x2 
 .rodata        0x0000000000118994       0x98 binaries/doscan.o
 .rodata        0x0000000000118a2c       0xae binaries/fdoprnt.o
 *fill*         0x0000000000118ada        0x2 
 .rodata        0x0000000000118adc       0x20 binaries/ttycontrol.o
 .rodata        0x0000000000118afc       0x34 binaries/ttyhandler.o
 .rodata        0x0000000000118b30       0x80 binaries/naminit.o
 .rodata        0x0000000000118bb0       0x2e binaries/82545EMInit.o
 *fill*         0x0000000000118bde        0x2 
 .rodata        0x0000000000118be0       0x78 binaries/ethinit.o
 .rodata        0x0000000000118c58       0x18 binaries/ethread.o
 .rodata        0x0000000000118c70       0x2c binaries/rdsbufalloc.o
 .rodata        0x0000000000118c9c       0x76 binaries/rdscomm.o
 *fill*         0x0000000000118d12        0x2 
 .rodata        0x0000000000118d14       0x48 binaries/rdscontrol.o
 .rodata        0x0000000000118d5c       0x96 binaries/rdsinit.o
 *fill*         0x0000000000118df2        0x2 
 .rodata        0x0000000000118df4       0x22 binaries/rdsopen.o
 *fill*         0x0000000000118e16        0x2 
 .rodata        0x0000000000118e18       0x4d binaries/rdsprocess.o
 .rodata        0x0000000000118e65        0x9 binaries/raminit.o
 *fill*         0x0000000000118e6e        0x2 
 .rodata        0x0000000000118e70       0x37 binaries/lfdballoc.o
 .rodata        0x0000000000118ea7       0x14 binaries/lfiballoc.o
 *fill*         0x0000000000118ebb        0x1 
 .rodata        0x0000000000118ebc       0x23 binaries/lflcontrol.o
 *fill*         0x0000000000118edf        0x1 
 .rodata        0x0000000000118ee0      0x11b binaries/lfsckfmt.o
 *fill*         0x0000000000118ffb        0x1 
 .rodata        0x0000000000118ffc       0x2a binaries/lfsopen.o
 *fill*         0x0000000000119026        0x2 
 .rodata        0x0000000000119028       0x21 binaries/rflread.o
 *fill*         0x0000000000119049        0x3 
 .rodata        0x000000000011904c       0x21 binaries/rflwrite.o
 *fill*         0x000000000011906d        0x3 
 .rodata        0x0000000000119070       0x75 binaries/rfscomm.o
 *fill*         0x00000000001190e5        0x3 
 .rodata        0x00000000001190e8       0x3c binaries/rfscontrol.o
 .rodata        0x0000000000119124       0x63 binaries/rfsinit.o
 *fill*         0x0000000000119187        0x1 
 .rodata        0x0000000000119188       0x2a binaries/rfsndmsg.o
 *fill*         0x00000000001191b2        0x2 
 .rodata        0x00000000001191b4       0x22 binaries/rfsopen.o
 *fill*         0x00000000001191d6        0x2 
 .rodata        0x00000000001191d8       0x3a binaries/arp.o
 *fill*         0x0000000000119212        0x2 
 .rodata        0x0000000000119214       0xcf binaries/dhcp.o
 .rodata        0x00000000001192e3       0x1a binaries/dns.o
 *fill*         0x00000000001192fd        0x3 
 .rodata        0x0000000000119300       0xc9 binaries/hexdump.o
 *fill*         0x00000000001193c9        0x3 
 .rodata        0x00000000001193cc       0x29 binaries/icmp.o
 *fill*         0x00000000001193f5        0x3 
 .rodata        0x00000000001193f8       0x6e binaries/ip.o
 *fill*         0x0000000000119466        0x2 
 .rodata        0x0000000000119468       0x4f binaries/net.o
 *fill*         0x00000000001194b7        0x1 
 .rodata        0x00000000001194b8      0x26f binaries/pdump.o
 *fill*         0x0000000000119727        0x1 
 .rodata        0x0000000000119728      0x154 binaries/tftp.o
 *fill*         0x000000000011987c        0x4 
 .rodata        0x0000000000119880      0x3c1 binaries/shell.o
                0x0000000000119900                cmdtab
 .rodata        0x0000000000119c41       0x28 binaries/xsh_argecho.o
 *fill*         0x0000000000119c69        0x3 
 .rodata        0x0000000000119c6c      0x123 binaries/xsh_arp.o
 *fill*         0x0000000000119d8f        0x1 
 .rodata        0x0000000000119d90       0xc9 binaries/xsh_cat.o
 .rodata        0x0000000000119e59       0x19 binaries/xsh_clear.o
 *fill*         0x0000000000119e72        0x2 
 .rodata        0x0000000000119e74      0x1c3 binaries/xsh_date.o
 .rodata        0x000000000011a037       0x5d binaries/xsh_devdump.o
 .rodata        0x000000000011a094        0x9 binaries/xsh_echo.o
 *fill*         0x000000000011a09d        0x3 
 .rodata        0x000000000011a0a0      0x169 binaries/xsh_help.o
 *fill*         0x000000000011a209        0x3 
 .rodata        0x000000000011a20c      0x12e binaries/xsh_kill.o
 *fill*         0x000000000011a33a        0x2 
 .rodata        0x000000000011a33c      0x266 binaries/xsh_memdump.o
 *fill*         0x000000000011a5a2        0x2 
 .rodata        0x000000000011a5a4      0x225 binaries/xsh_memstat.o
 *fill*         0x000000000011a7c9        0x3 
 .rodata        0x000000000011a7cc      0x1b0 binaries/xsh_netinfo.o
 .rodata        0x000000000011a97c      0x1a1 binaries/xsh_ping.o
 *fill*         0x000000000011ab1d        0x3 
 .rodata        0x000000000011ab20      0x1e0 binaries/xsh_ps.o
 .rodata        0x000000000011ad00       0xeb binaries/xsh_sleep.o
 *fill*         0x000000000011adeb        0x1 
 .rodata        0x000000000011adec      0x1b8 binaries/xsh_udpdump.o
 .rodata        0x000000000011afa4      0x215 binaries/xsh_udpecho.o
 *fill*         0x000000000011b1b9        0x3 
 .rodata        0x000000000011b1bc      0x12b binaries/xsh_udpserver.o
 *fill*         0x000000000011b2e7        0x1 
 .rodata        0x000000000011b2e8      0x105 binaries/xsh_uptime.o
                0x000000000011b3ed                etext = ABSOLUTE (.)
                0x000000000011c000                . = ALIGN (0x1000)
 *fill*         0x000000000011b3ed      0xc13 

.eh_frame       0x000000000011c000     0x2e2c
 .eh_frame      0x000000000011c000       0x38 binaries/ascdate.o
 .eh_frame      0x000000000011c038       0x20 binaries/bufinit.o
                                         0x38 (size before relaxing)
 .eh_frame      0x000000000011c058       0x94 binaries/calendar.o
                                         0xac (size before relaxing)
 .eh_frame      0x000000000011c0ec       0x20 binaries/chprio.o
                                         0x38 (size before relaxing)
 .eh_frame      0x000000000011c10c       0x20 binaries/clkhandler.o
                                         0x38 (size before relaxing)
 .eh_frame      0x000000000011c12c       0x20 binaries/clkinit.o
                                         0x38 (size before relaxing)
 .eh_frame      0x000000000011c14c       0x20 binaries/close.o
                                         0x38 (size before relaxing)
 .eh_frame      0x000000000011c16c       0x20 binaries/control.o
                                         0x38 (size before relaxing)
 .eh_frame      0x000000000011c18c       0x40 binaries/create.o
                                         0x58 (size before relaxing)
 .eh_frame      0x000000000011c1cc       0x30 binaries/dashboard.o
                                         0x48 (size before relaxing)
 .eh_frame      0x000000000011c1fc       0x60 binaries/evec.o
                                         0x78 (size before relaxing)
 .eh_frame      0x000000000011c25c       0x20 binaries/exit.o
                                         0x38 (size before relaxing)
 .eh_frame      0x000000000011c27c       0x20 binaries/freebuf.o
                                         0x38 (size before relaxing)
 .eh_frame      0x000000000011c29c       0x20 binaries/freemem.o
                                         0x38 (size before relaxing)
 .eh_frame      0x000000000011c2bc       0x5c binaries/fuel.o
                                         0x74 (size before relaxing)
 .eh_frame      0x000000000011c318       0x20 binaries/getbuf.o
                                         0x38 (size before relaxing)
 .eh_frame      0x000000000011c338       0x20 binaries/getc.o
                                         0x38 (size before relaxing)
 .eh_frame      0x000000000011c358       0x20 binaries/getdev.o
                                         0x38 (size before relaxing)
 .eh_frame      0x000000000011c378       0x60 binaries/getitem.o
                                         0x78 (size before relaxing)
 .eh_frame      0x000000000011c3d8       0x20 binaries/getmem.o
                                         0x38 (size before relaxing)
 .eh_frame      0x000000000011c3f8       0x20 binaries/getpid.o
                                         0x38 (size before relaxing)
 .eh_frame      0x000000000011c418       0x20 binaries/getprio.o
                                         0x38 (size before relaxing)
 .eh_frame      0x000000000011c438       0x20 binaries/getstk.o
                                         0x38 (size before relaxing)
 .eh_frame      0x000000000011c458       0x20 binaries/getticks.o
                                         0x38 (size before relaxing)
 .eh_frame      0x000000000011c478       0x20 binaries/gettime.o
                                         0x38 (size before relaxing)
 .eh_frame      0x000000000011c498       0x20 binaries/getutime.o
                                         0x38 (size before relaxing)
 .eh_frame      0x000000000011c4b8       0x8c binaries/i386.o
                                         0xa4 (size before relaxing)
 .eh_frame      0x000000000011c544       0x20 binaries/init.o
                                         0x38 (size before relaxing)
 .eh_frame      0x000000000011c564       0xa0 binaries/initialize.o
                                         0xb8 (size before relaxing)
 .eh_frame      0x000000000011c604       0x20 binaries/insert.o
                                         0x38 (size before relaxing)
 .eh_frame      0x000000000011c624       0x20 binaries/insertd.o
                                         0x38 (size before relaxing)
 .eh_frame      0x000000000011c644       0x20 binaries/ioerr.o
                                         0x38 (size before relaxing)
 .eh_frame      0x000000000011c664       0x20 binaries/ionull.o
                                         0x38 (size before relaxing)
 .eh_frame      0x000000000011c684       0x20 binaries/kill.o
                                         0x38 (size before relaxing)
 .eh_frame      0x000000000011c6a4       0x60 binaries/kprintf.o
                                         0x78 (size before relaxing)
 .eh_frame      0x000000000011c704       0x90 binaries/main.o
                                         0xa8 (size before relaxing)
 .eh_frame      0x000000000011c794       0x40 binaries/mark.o
                                         0x58 (size before relaxing)
 .eh_frame      0x000000000011c7d4       0x20 binaries/meminit.o
                                         0x38 (size before relaxing)
 .eh_frame      0x000000000011c7f4       0x20 binaries/mkbufpool.o
                                         0x38 (size before relaxing)
 .eh_frame      0x000000000011c814       0x20 binaries/newqueue.o
                                         0x38 (size before relaxing)
 .eh_frame      0x000000000011c834       0x20 binaries/open.o
                                         0x38 (size before relaxing)
 .eh_frame      0x000000000011c854       0x1c binaries/panic.o
                                         0x34 (size before relaxing)
 .eh_frame      0x000000000011c870      0x1c8 binaries/pci.o
                                        0x1e0 (size before relaxing)
 .eh_frame      0x000000000011ca38       0x20 binaries/ptclear.o
                                         0x38 (size before relaxing)
 .eh_frame      0x000000000011ca58       0x20 binaries/ptcount.o
                                         0x38 (size before relaxing)
 .eh_frame      0x000000000011ca78       0x20 binaries/ptcreate.o
                                         0x38 (size before relaxing)
 .eh_frame      0x000000000011ca98       0x20 binaries/ptdelete.o
                                         0x38 (size before relaxing)
 .eh_frame      0x000000000011cab8       0x20 binaries/ptinit.o
                                         0x38 (size before relaxing)
 .eh_frame      0x000000000011cad8       0x20 binaries/ptrecv.o
                                         0x38 (size before relaxing)
 .eh_frame      0x000000000011caf8       0x20 binaries/ptreset.o
                                         0x38 (size before relaxing)
 .eh_frame      0x000000000011cb18       0x20 binaries/ptsend.o
                                         0x38 (size before relaxing)
 .eh_frame      0x000000000011cb38       0x20 binaries/putc.o
                                         0x38 (size before relaxing)
 .eh_frame      0x000000000011cb58       0x40 binaries/queue.o
                                         0x58 (size before relaxing)
 .eh_frame      0x000000000011cb98       0x20 binaries/read.o
                                         0x38 (size before relaxing)
 .eh_frame      0x000000000011cbb8       0x24 binaries/ready.o
                                         0x3c (size before relaxing)
 .eh_frame      0x000000000011cbdc       0x20 binaries/receive.o
                                         0x38 (size before relaxing)
 .eh_frame      0x000000000011cbfc       0x20 binaries/recvclr.o
                                         0x38 (size before relaxing)
 .eh_frame      0x000000000011cc1c       0x20 binaries/recvtime.o
                                         0x38 (size before relaxing)
 .eh_frame      0x000000000011cc3c       0x40 binaries/resched.o
                                         0x58 (size before relaxing)
 .eh_frame      0x000000000011cc7c       0x20 binaries/resume.o
                                         0x38 (size before relaxing)
 .eh_frame      0x000000000011cc9c       0x20 binaries/seek.o
                                         0x38 (size before relaxing)
 .eh_frame      0x000000000011ccbc       0x20 binaries/semcount.o
                                         0x38 (size before relaxing)
 .eh_frame      0x000000000011ccdc       0x40 binaries/semcreate.o
                                         0x58 (size before relaxing)
 .eh_frame      0x000000000011cd1c       0x20 binaries/semdelete.o
                                         0x38 (size before relaxing)
 .eh_frame      0x000000000011cd3c       0x20 binaries/semreset.o
                                         0x38 (size before relaxing)
 .eh_frame      0x000000000011cd5c       0x20 binaries/send.o
                                         0x38 (size before relaxing)
 .eh_frame      0x000000000011cd7c       0x20 binaries/signal.o
                                         0x38 (size before relaxing)
 .eh_frame      0x000000000011cd9c       0x20 binaries/signaln.o
                                         0x38 (size before relaxing)
 .eh_frame      0x000000000011cdbc       0x40 binaries/sleep.o
                                         0x58 (size before relaxing)
 .eh_frame      0x000000000011cdfc       0x5c binaries/speed.o
                                         0x74 (size before relaxing)
 .eh_frame      0x000000000011ce58       0x20 binaries/stacktrace.o
                                         0x38 (size before relaxing)
 .eh_frame      0x000000000011ce78       0x20 binaries/suspend.o
                                         0x38 (size before relaxing)
 .eh_frame      0x000000000011ce98       0x20 binaries/unsleep.o
                                         0x38 (size before relaxing)
 .eh_frame      0x000000000011ceb8       0x20 binaries/userret.o
                                         0x38 (size before relaxing)
 .eh_frame      0x000000000011ced8       0x20 binaries/wait.o
                                         0x38 (size before relaxing)
 .eh_frame      0x000000000011cef8       0x20 binaries/wakeup.o
                                         0x38 (size before relaxing)
 .eh_frame      0x000000000011cf18       0x1c binaries/warning.o
                                         0x34 (size before relaxing)
 .eh_frame      0x000000000011cf34       0x20 binaries/write.o
                                         0x38 (size before relaxing)
 .eh_frame      0x000000000011cf54       0x20 binaries/xdone.o
                                         0x38 (size before relaxing)
 .eh_frame      0x000000000011cf74       0x20 binaries/yield.o
                                         0x38 (size before relaxing)
 .eh_frame      0x000000000011cf94       0x20 binaries/abs.o
                                         0x38 (size before relaxing)
 .eh_frame      0x000000000011cfb4       0x20 binaries/atoi.o
                                         0x38 (size before relaxing)
 .eh_frame      0x000000000011cfd4       0x20 binaries/atol.o
                                         0x38 (size before relaxing)
 .eh_frame      0x000000000011cff4       0x20 binaries/bzero.o
                                         0x38 (size before relaxing)
 .eh_frame      0x000000000011d014       0xe0 binaries/doprnt.o
                                         0xf8 (size before relaxing)
 .eh_frame      0x000000000011d0f4       0xb0 binaries/doscan.o
                                         0xc8 (size before relaxing)
 .eh_frame      0x000000000011d1a4       0xc0 binaries/fdoprnt.o
                                         0xd8 (size before relaxing)
 .eh_frame      0x000000000011d264       0x20 binaries/fgetc.o
                                         0x38 (size before relaxing)
 .eh_frame      0x000000000011d284       0x20 binaries/fgets.o
                                         0x38 (size before relaxing)
 .eh_frame      0x000000000011d2a4       0x20 binaries/fprintf.o
                                         0x38 (size before relaxing)
 .eh_frame      0x000000000011d2c4       0x20 binaries/fputc.o
                                         0x38 (size before relaxing)
 .eh_frame      0x000000000011d2e4       0x20 binaries/fputs.o
                                         0x38 (size before relaxing)
 .eh_frame      0x000000000011d304       0x60 binaries/fscanf.o
                                         0x78 (size before relaxing)
 .eh_frame      0x000000000011d364       0x20 binaries/getchar.o
                                         0x38 (size before relaxing)
 .eh_frame      0x000000000011d384       0x20 binaries/labs.o
                                         0x38 (size before relaxing)
 .eh_frame      0x000000000011d3a4       0x20 binaries/memcmp.o
                                         0x38 (size before relaxing)
 .eh_frame      0x000000000011d3c4       0x24 binaries/memcpy.o
                                         0x3c (size before relaxing)
 .eh_frame      0x000000000011d3e8       0x24 binaries/memset.o
                                         0x3c (size before relaxing)
 .eh_frame      0x000000000011d40c       0x20 binaries/printf.o
                                         0x38 (size before relaxing)
 .eh_frame      0x000000000011d42c       0x20 binaries/putchar.o
                                         0x38 (size before relaxing)
 .eh_frame      0x000000000011d44c       0xa8 binaries/qsort.o
                                         0xc0 (size before relaxing)
 .eh_frame      0x000000000011d4f4       0x60 binaries/rand.o
                                         0x78 (size before relaxing)
 .eh_frame      0x000000000011d554       0x40 binaries/sprintf.o
                                         0x58 (size before relaxing)
 .eh_frame      0x000000000011d594       0x60 binaries/sscanf.o
                                         0x78 (size before relaxing)
 .eh_frame      0x000000000011d5f4       0x20 binaries/strchr.o
                                         0x38 (size before relaxing)
 .eh_frame      0x000000000011d614       0x20 binaries/strcmp.o
                                         0x38 (size before relaxing)
 .eh_frame      0x000000000011d634       0x20 binaries/strcpy.o
                                         0x38 (size before relaxing)
 .eh_frame      0x000000000011d654       0x20 binaries/strlen.o
                                         0x38 (size before relaxing)
 .eh_frame      0x000000000011d674       0x20 binaries/strncat.o
                                         0x38 (size before relaxing)
 .eh_frame      0x000000000011d694       0x20 binaries/strncmp.o
                                         0x38 (size before relaxing)
 .eh_frame      0x000000000011d6b4       0x28 binaries/strncpy.o
                                         0x40 (size before relaxing)
 .eh_frame      0x000000000011d6dc       0x20 binaries/strnlen.o
                                         0x38 (size before relaxing)
 .eh_frame      0x000000000011d6fc       0x20 binaries/strrchr.o
                                         0x38 (size before relaxing)
 .eh_frame      0x000000000011d71c       0x20 binaries/strstr.o
                                         0x38 (size before relaxing)
 .eh_frame      0x000000000011d73c       0x20 binaries/ttycontrol.o
                                         0x38 (size before relaxing)
 .eh_frame      0x000000000011d75c       0x20 binaries/ttygetc.o
                                         0x38 (size before relaxing)
 .eh_frame      0x000000000011d77c       0x80 binaries/ttyhandle_in.o
                                         0x98 (size before relaxing)
 .eh_frame      0x000000000011d7fc       0x20 binaries/ttyhandle_out.o
                                         0x38 (size before relaxing)
 .eh_frame      0x000000000011d81c       0x20 binaries/ttyhandler.o
                                         0x38 (size before relaxing)
 .eh_frame      0x000000000011d83c       0x20 binaries/ttyinit.o
                                         0x38 (size before relaxing)
 .eh_frame      0x000000000011d85c       0x20 binaries/ttykickout.o
                                         0x38 (size before relaxing)
 .eh_frame      0x000000000011d87c       0x20 binaries/ttyputc.o
                                         0x38 (size before relaxing)
 .eh_frame      0x000000000011d89c       0x24 binaries/ttyread.o
                                         0x3c (size before relaxing)
 .eh_frame      0x000000000011d8c0       0x20 binaries/ttywrite.o
                                         0x38 (size before relaxing)
 .eh_frame      0x000000000011d8e0       0x40 binaries/mount.o
                                         0x58 (size before relaxing)
 .eh_frame      0x000000000011d920       0x20 binaries/naminit.o
                                         0x38 (size before relaxing)
 .eh_frame      0x000000000011d940       0x60 binaries/nammap.o
                                         0x78 (size before relaxing)
 .eh_frame      0x000000000011d9a0       0x20 binaries/namopen.o
                                         0x38 (size before relaxing)
 .eh_frame      0x000000000011d9c0      0x150 binaries/82545EMInit.o
                                        0x168 (size before relaxing)
 .eh_frame      0x000000000011db10       0xa0 binaries/ethcontrol.o
                                         0xb8 (size before relaxing)
 .eh_frame      0x000000000011dbb0       0x80 binaries/ethhandler.o
                                         0x98 (size before relaxing)
 .eh_frame      0x000000000011dc30       0x20 binaries/ethinit.o
                                         0x38 (size before relaxing)
 .eh_frame      0x000000000011dc50       0x60 binaries/ethread.o
                                         0x78 (size before relaxing)
 .eh_frame      0x000000000011dcb0       0x60 binaries/ethwrite.o
                                         0x78 (size before relaxing)
 .eh_frame      0x000000000011dd10       0x20 binaries/rdsbufalloc.o
                                         0x38 (size before relaxing)
 .eh_frame      0x000000000011dd30       0x20 binaries/rdsclose.o
                                         0x38 (size before relaxing)
 .eh_frame      0x000000000011dd50       0x20 binaries/rdscomm.o
                                         0x38 (size before relaxing)
 .eh_frame      0x000000000011dd70       0x20 binaries/rdscontrol.o
                                         0x38 (size before relaxing)
 .eh_frame      0x000000000011dd90       0x20 binaries/rdsinit.o
                                         0x38 (size before relaxing)
 .eh_frame      0x000000000011ddb0       0x20 binaries/rdsopen.o
                                         0x38 (size before relaxing)
 .eh_frame      0x000000000011ddd0       0x1c binaries/rdsprocess.o
                                         0x34 (size before relaxing)
 .eh_frame      0x000000000011ddec       0x20 binaries/rdsread.o
                                         0x38 (size before relaxing)
 .eh_frame      0x000000000011de0c       0x20 binaries/rdswrite.o
                                         0x38 (size before relaxing)
 .eh_frame      0x000000000011de2c       0x20 binaries/ramclose.o
                                         0x38 (size before relaxing)
 .eh_frame      0x000000000011de4c       0x20 binaries/raminit.o
                                         0x38 (size before relaxing)
 .eh_frame      0x000000000011de6c       0x20 binaries/ramopen.o
                                         0x38 (size before relaxing)
 .eh_frame      0x000000000011de8c       0x20 binaries/ramread.o
                                         0x38 (size before relaxing)
 .eh_frame      0x000000000011deac       0x20 binaries/ramwrite.o
                                         0x38 (size before relaxing)
 .eh_frame      0x000000000011decc       0x20 binaries/lfdballoc.o
                                         0x38 (size before relaxing)
 .eh_frame      0x000000000011deec       0x20 binaries/lfdbfree.o
                                         0x38 (size before relaxing)
 .eh_frame      0x000000000011df0c       0x20 binaries/lfflush.o
                                         0x38 (size before relaxing)
 .eh_frame      0x000000000011df2c       0x20 binaries/lfgetmode.o
                                         0x38 (size before relaxing)
 .eh_frame      0x000000000011df4c       0x20 binaries/lfiballoc.o
                                         0x38 (size before relaxing)
 .eh_frame      0x000000000011df6c       0x20 binaries/lfibclear.o
                                         0x38 (size before relaxing)
 .eh_frame      0x000000000011df8c       0x20 binaries/lfibget.o
                                         0x38 (size before relaxing)
 .eh_frame      0x000000000011dfac       0x20 binaries/lfibput.o
                                         0x38 (size before relaxing)
 .eh_frame      0x000000000011dfcc       0x20 binaries/lflclose.o
                                         0x38 (size before relaxing)
 .eh_frame      0x000000000011dfec       0x20 binaries/lflcontrol.o
                                         0x38 (size before relaxing)
 .eh_frame      0x000000000011e00c       0x20 binaries/lflgetc.o
                                         0x38 (size before relaxing)
 .eh_frame      0x000000000011e02c       0x20 binaries/lflinit.o
                                         0x38 (size before relaxing)
 .eh_frame      0x000000000011e04c       0x20 binaries/lflputc.o
                                         0x38 (size before relaxing)
 .eh_frame      0x000000000011e06c       0x20 binaries/lflread.o
                                         0x38 (size before relaxing)
 .eh_frame      0x000000000011e08c       0x20 binaries/lflseek.o
                                         0x38 (size before relaxing)
 .eh_frame      0x000000000011e0ac       0x20 binaries/lflwrite.o
                                         0x38 (size before relaxing)
 .eh_frame      0x000000000011e0cc       0x20 binaries/lfscheck.o
                                         0x38 (size before relaxing)
 .eh_frame      0x000000000011e0ec       0x20 binaries/lfsckfmt.o
                                         0x38 (size before relaxing)
 .eh_frame      0x000000000011e10c       0x20 binaries/lfscreate.o
                                         0x38 (size before relaxing)
 .eh_frame      0x000000000011e12c       0x20 binaries/lfsetup.o
                                         0x38 (size before relaxing)
 .eh_frame      0x000000000011e14c       0x20 binaries/lfsinit.o
                                         0x38 (size before relaxing)
 .eh_frame      0x000000000011e16c       0x20 binaries/lfsopen.o
                                         0x38 (size before relaxing)
 .eh_frame      0x000000000011e18c       0x20 binaries/lftruncate.o
                                         0x38 (size before relaxing)
 .eh_frame      0x000000000011e1ac       0x20 binaries/rflclose.o
                                         0x38 (size before relaxing)
 .eh_frame      0x000000000011e1cc       0x20 binaries/rflgetc.o
                                         0x38 (size before relaxing)
 .eh_frame      0x000000000011e1ec       0x20 binaries/rflinit.o
                                         0x38 (size before relaxing)
 .eh_frame      0x000000000011e20c       0x20 binaries/rflputc.o
                                         0x38 (size before relaxing)
 .eh_frame      0x000000000011e22c       0x20 binaries/rflread.o
                                         0x38 (size before relaxing)
 .eh_frame      0x000000000011e24c       0x20 binaries/rflseek.o
                                         0x38 (size before relaxing)
 .eh_frame      0x000000000011e26c       0x20 binaries/rflwrite.o
                                         0x38 (size before relaxing)
 .eh_frame      0x000000000011e28c       0x20 binaries/rfscomm.o
                                         0x38 (size before relaxing)
 .eh_frame      0x000000000011e2ac       0x20 binaries/rfscontrol.o
                                         0x38 (size before relaxing)
 .eh_frame      0x000000000011e2cc       0x20 binaries/rfsgetmode.o
                                         0x38 (size before relaxing)
 .eh_frame      0x000000000011e2ec       0x20 binaries/rfsinit.o
                                         0x38 (size before relaxing)
 .eh_frame      0x000000000011e30c       0x20 binaries/rfsndmsg.o
                                         0x38 (size before relaxing)
 .eh_frame      0x000000000011e32c       0x20 binaries/rfsopen.o
                                         0x38 (size before relaxing)
 .eh_frame      0x000000000011e34c       0xc0 binaries/arp.o
                                         0xd8 (size before relaxing)
 .eh_frame      0x000000000011e40c       0xa0 binaries/dhcp.o
                                         0xb8 (size before relaxing)
 .eh_frame      0x000000000011e4ac       0x80 binaries/dns.o
                                         0x98 (size before relaxing)
 .eh_frame      0x000000000011e52c       0x20 binaries/dot2ip.o
                                         0x38 (size before relaxing)
 .eh_frame      0x000000000011e54c       0x40 binaries/hexdump.o
                                         0x58 (size before relaxing)
 .eh_frame      0x000000000011e58c      0x14c binaries/icmp.o
                                        0x164 (size before relaxing)
 .eh_frame      0x000000000011e6d8      0x11c binaries/ip.o
                                        0x134 (size before relaxing)
 .eh_frame      0x000000000011e7f4       0xa0 binaries/net.o
                                         0xb8 (size before relaxing)
 .eh_frame      0x000000000011e894       0x60 binaries/pdump.o
                                         0x78 (size before relaxing)
 .eh_frame      0x000000000011e8f4       0x60 binaries/tftp.o
                                         0x78 (size before relaxing)
 .eh_frame      0x000000000011e954      0x140 binaries/udp.o
                                        0x158 (size before relaxing)
 .eh_frame      0x000000000011ea94       0x20 binaries/addargs.o
                                         0x38 (size before relaxing)
 .eh_frame      0x000000000011eab4       0x20 binaries/lexan.o
                                         0x38 (size before relaxing)
 .eh_frame      0x000000000011ead4       0x20 binaries/shell.o
                                         0x38 (size before relaxing)
 .eh_frame      0x000000000011eaf4       0x20 binaries/xsh_argecho.o
                                         0x38 (size before relaxing)
 .eh_frame      0x000000000011eb14       0x40 binaries/xsh_arp.o
                                         0x58 (size before relaxing)
 .eh_frame      0x000000000011eb54       0x20 binaries/xsh_cat.o
                                         0x38 (size before relaxing)
 .eh_frame      0x000000000011eb74       0x20 binaries/xsh_clear.o
                                         0x38 (size before relaxing)
 .eh_frame      0x000000000011eb94       0x20 binaries/xsh_date.o
                                         0x38 (size before relaxing)
 .eh_frame      0x000000000011ebb4       0x20 binaries/xsh_devdump.o
                                         0x38 (size before relaxing)
 .eh_frame      0x000000000011ebd4       0x20 binaries/xsh_echo.o
                                         0x38 (size before relaxing)
 .eh_frame      0x000000000011ebf4       0x20 binaries/xsh_exit.o
                                         0x38 (size before relaxing)
 .eh_frame      0x000000000011ec14       0x20 binaries/xsh_help.o
                                         0x38 (size before relaxing)
 .eh_frame      0x000000000011ec34       0x20 binaries/xsh_kill.o
                                         0x38 (size before relaxing)
 .eh_frame      0x000000000011ec54       0x40 binaries/xsh_memdump.o
                                         0x58 (size before relaxing)
 .eh_frame      0x000000000011ec94       0x60 binaries/xsh_memstat.o
                                         0x78 (size before relaxing)
 .eh_frame      0x000000000011ecf4       0x30 binaries/xsh_netinfo.o
                                         0x48 (size before relaxing)
 .eh_frame      0x000000000011ed24       0x24 binaries/xsh_ping.o
                                         0x3c (size before relaxing)
 .eh_frame      0x000000000011ed48       0x30 binaries/xsh_ps.o
                                         0x48 (size before relaxing)
 .eh_frame      0x000000000011ed78       0x20 binaries/xsh_sleep.o
                                         0x38 (size before relaxing)
 .eh_frame      0x000000000011ed98       0x20 binaries/xsh_udpdump.o
                                         0x38 (size before relaxing)
 .eh_frame      0x000000000011edb8       0x30 binaries/xsh_udpecho.o
                                         0x48 (size before relaxing)
 .eh_frame      0x000000000011ede8       0x24 binaries/xsh_udpserver.o
                                         0x3c (size before relaxing)
 .eh_frame      0x000000000011ee0c       0x20 binaries/xsh_uptime.o
                                         0x38 (size before relaxing)

.iplt           0x000000000011ee30        0x0
 .iplt          0x000000000011ee30        0x0 binaries/start.o

.rel.dyn        0x000000000011ee2c        0x0
 .rel.iplt      0x000000000011ee2c        0x0 binaries/start.o
 .rel.text      0x000000000011ee2c        0x0 binaries/start.o
 .rel.data      0x000000000011ee2c        0x0 binaries/start.o
 .rel.rodata    0x000000000011ee2c        0x0 binaries/start.o

.data           0x000000000011ee40     0x11c0
                0x000000000011ee40                data = ABSOLUTE (.)
 *(.data .data.*)
 .data          0x000000000011ee40      0x460 binaries/start.o
                0x000000000011ee40                gdt
                0x000000000011ee80                gdtr
                0x000000000011ee86                idt
                0x000000000011f286                idtr
                0x000000000011f28c                cpudelay
                0x000000000011f290                _bootdev
                0x000000000011f294                _cyloffset
 .data          0x000000000011f2a0       0x88 binaries/ascdate.o
                0x000000000011f2a0                Date
 .data          0x000000000011f328        0x0 binaries/bufinit.o
 *fill*         0x000000000011f328       0x18 
 .data          0x000000000011f340       0x30 binaries/calendar.o
 .data          0x000000000011f370        0x0 binaries/chprio.o
 .data          0x000000000011f370        0x4 binaries/clkhandler.o
 .data          0x000000000011f374        0x0 binaries/clkinit.o
 .data          0x000000000011f374        0x0 binaries/close.o
 *fill*         0x000000000011f374        0xc 
 .data          0x000000000011f380      0x5a0 binaries/conf.o
                0x000000000011f380                devtab
 .data          0x000000000011f920        0x0 binaries/control.o
 .data          0x000000000011f920        0x4 binaries/create.o
 .data          0x000000000011f924        0x0 binaries/dashboard.o
 *fill*         0x000000000011f924       0x1c 
 .data          0x000000000011f940       0x40 binaries/evec.o
                0x000000000011f940                inames
 .data          0x000000000011f980        0x0 binaries/exit.o
 .data          0x000000000011f980        0x0 binaries/freebuf.o
 .data          0x000000000011f980        0x0 binaries/freemem.o
 .data          0x000000000011f980        0x0 binaries/fuel.o
 .data          0x000000000011f980        0x0 binaries/getbuf.o
 .data          0x000000000011f980        0x0 binaries/getc.o
 .data          0x000000000011f980        0x0 binaries/getdev.o
 .data          0x000000000011f980        0x0 binaries/getitem.o
 .data          0x000000000011f980        0x0 binaries/getmem.o
 .data          0x000000000011f980        0x0 binaries/getpid.o
 .data          0x000000000011f980        0x0 binaries/getprio.o
 .data          0x000000000011f980        0x0 binaries/getstk.o
 .data          0x000000000011f980        0x0 binaries/getticks.o
[...]
 .comment       0x000000000000001d       0x1e binaries/net.o
 .comment       0x000000000000001d       0x1e binaries/pdump.o
 .comment       0x000000000000001d       0x1e binaries/tftp.o
 .comment       0x000000000000001d       0x1e binaries/udp.o
 .comment       0x000000000000001d       0x1e binaries/addargs.o
 .comment       0x000000000000001d       0x1e binaries/lexan.o
 .comment       0x000000000000001d       0x1e binaries/shell.o
 .comment       0x000000000000001d       0x1e binaries/xsh_argecho.o
 .comment       0x000000000000001d       0x1e binaries/xsh_arp.o
 .comment       0x000000000000001d       0x1e binaries/xsh_cat.o
 .comment       0x000000000000001d       0x1e binaries/xsh_clear.o
 .comment       0x000000000000001d       0x1e binaries/xsh_date.o
 .comment       0x000000000000001d       0x1e binaries/xsh_devdump.o
 .comment       0x000000000000001d       0x1e binaries/xsh_echo.o
 .comment       0x000000000000001d       0x1e binaries/xsh_exit.o
 .comment       0x000000000000001d       0x1e binaries/xsh_help.o
 .comment       0x000000000000001d       0x1e binaries/xsh_kill.o
 .comment       0x000000000000001d       0x1e binaries/xsh_memdump.o
 .comment       0x000000000000001d       0x1e binaries/xsh_memstat.o
 .comment       0x000000000000001d       0x1e binaries/xsh_netinfo.o
 .comment       0x000000000000001d       0x1e binaries/xsh_ping.o
 .comment       0x000000000000001d       0x1e binaries/xsh_ps.o
 .comment       0x000000000000001d       0x1e binaries/xsh_sleep.o
 .comment       0x000000000000001d       0x1e binaries/xsh_udpdump.o
 .comment       0x000000000000001d       0x1e binaries/xsh_udpecho.o
 .comment       0x000000000000001d       0x1e binaries/xsh_udpserver.o
 .comment       0x000000000000001d       0x1e binaries/xsh_uptime.o

.note.GNU-stack
                0x0000000000000000        0x0
 .note.GNU-stack
                0x0000000000000000        0x0 binaries/ascdate.o
 .note.GNU-stack
                0x0000000000000000        0x0 binaries/bufinit.o
 .note.GNU-stack
                0x0000000000000000        0x0 binaries/calendar.o
 .note.GNU-stack
                0x0000000000000000        0x0 binaries/chprio.o
 .note.GNU-stack
                0x0000000000000000        0x0 binaries/clkhandler.o
 .note.GNU-stack
                0x0000000000000000        0x0 binaries/clkinit.o
 .note.GNU-stack
                0x0000000000000000        0x0 binaries/close.o
 .note.GNU-stack
                0x0000000000000000        0x0 binaries/conf.o
 .note.GNU-stack
                0x0000000000000000        0x0 binaries/control.o
 .note.GNU-stack
                0x0000000000000000        0x0 binaries/create.o
 .note.GNU-stack
                0x0000000000000000        0x0 binaries/dashboard.o
 .note.GNU-stack
                0x0000000000000000        0x0 binaries/evec.o
 .note.GNU-stack
                0x0000000000000000        0x0 binaries/exit.o
 .note.GNU-stack
                0x0000000000000000        0x0 binaries/freebuf.o
 .note.GNU-stack
                0x0000000000000000        0x0 binaries/freemem.o
 .note.GNU-stack
                0x0000000000000000        0x0 binaries/fuel.o
 .note.GNU-stack
                0x0000000000000000        0x0 binaries/getbuf.o
 .note.GNU-stack
                0x0000000000000000        0x0 binaries/getc.o
 .note.GNU-stack
                0x0000000000000000        0x0 binaries/getdev.o
 .note.GNU-stack
                0x0000000000000000        0x0 binaries/getitem.o
 .note.GNU-stack
                0x0000000000000000        0x0 binaries/getmem.o
 .note.GNU-stack
                0x0000000000000000        0x0 binaries/getpid.o
 .note.GNU-stack
                0x0000000000000000        0x0 binaries/getprio.o
 .note.GNU-stack
                0x0000000000000000        0x0 binaries/getstk.o
 .note.GNU-stack
                0x0000000000000000        0x0 binaries/getticks.o
 .note.GNU-stack
                0x0000000000000000        0x0 binaries/gettime.o
 .note.GNU-stack
                0x0000000000000000        0x0 binaries/getutime.o
 .note.GNU-stack
                0x0000000000000000        0x0 binaries/i386.o
 .note.GNU-stack
                0x0000000000000000        0x0 binaries/init.o
 .note.GNU-stack
                0x0000000000000000        0x0 binaries/initialize.o
 .note.GNU-stack
                0x0000000000000000        0x0 binaries/insert.o
 .note.GNU-stack
                0x0000000000000000        0x0 binaries/insertd.o
 .note.GNU-stack
                0x0000000000000000        0x0 binaries/ioerr.o
 .note.GNU-stack
                0x0000000000000000        0x0 binaries/ionull.o
 .note.GNU-stack
                0x0000000000000000        0x0 binaries/kill.o
 .note.GNU-stack
                0x0000000000000000        0x0 binaries/kprintf.o
 .note.GNU-stack
                0x0000000000000000        0x0 binaries/main.o
 .note.GNU-stack
                0x0000000000000000        0x0 binaries/mark.o
 .note.GNU-stack
                0x0000000000000000        0x0 binaries/meminit.o
 .note.GNU-stack
                0x0000000000000000        0x0 binaries/mkbufpool.o
 .note.GNU-stack
                0x0000000000000000        0x0 binaries/newqueue.o
 .note.GNU-stack
                0x0000000000000000        0x0 binaries/open.o
 .note.GNU-stack
                0x0000000000000000        0x0 binaries/panic.o
 .note.GNU-stack
                0x0000000000000000        0x0 binaries/pci.o
 .note.GNU-stack
                0x0000000000000000        0x0 binaries/ptclear.o
 .note.GNU-stack
                0x0000000000000000        0x0 binaries/ptcount.o
 .note.GNU-stack
                0x0000000000000000        0x0 binaries/ptcreate.o
 .note.GNU-stack
                0x0000000000000000        0x0 binaries/ptdelete.o
 .note.GNU-stack
                0x0000000000000000        0x0 binaries/ptinit.o
 .note.GNU-stack
                0x0000000000000000        0x0 binaries/ptrecv.o
 .note.GNU-stack
                0x0000000000000000        0x0 binaries/ptreset.o
 .note.GNU-stack
                0x0000000000000000        0x0 binaries/ptsend.o
 .note.GNU-stack
                0x0000000000000000        0x0 binaries/putc.o
 .note.GNU-stack
                0x0000000000000000        0x0 binaries/queue.o
 .note.GNU-stack
                0x0000000000000000        0x0 binaries/read.o
 .note.GNU-stack
                0x0000000000000000        0x0 binaries/ready.o
 .note.GNU-stack
                0x0000000000000000        0x0 binaries/receive.o
 .note.GNU-stack
                0x0000000000000000        0x0 binaries/recvclr.o
 .note.GNU-stack
                0x0000000000000000        0x0 binaries/recvtime.o
 .note.GNU-stack
                0x0000000000000000        0x0 binaries/resched.o
 .note.GNU-stack
                0x0000000000000000        0x0 binaries/resume.o
 .note.GNU-stack
                0x0000000000000000        0x0 binaries/seek.o
 .note.GNU-stack
                0x0000000000000000        0x0 binaries/semcount.o
 .note.GNU-stack
                0x0000000000000000        0x0 binaries/semcreate.o
 .note.GNU-stack
                0x0000000000000000        0x0 binaries/semdelete.o
 .note.GNU-stack
                0x0000000000000000        0x0 binaries/semreset.o
 .note.GNU-stack
                0x0000000000000000        0x0 binaries/send.o
 .note.GNU-stack
                0x0000000000000000        0x0 binaries/signal.o
 .note.GNU-stack
                0x0000000000000000        0x0 binaries/signaln.o
 .note.GNU-stack
                0x0000000000000000        0x0 binaries/sleep.o
 .note.GNU-stack
                0x0000000000000000        0x0 binaries/speed.o
 .note.GNU-stack
                0x0000000000000000        0x0 binaries/stacktrace.o
 .note.GNU-stack
                0x0000000000000000        0x0 binaries/suspend.o
 .note.GNU-stack
                0x0000000000000000        0x0 binaries/unsleep.o
 .note.GNU-stack
                0x0000000000000000        0x0 binaries/userret.o
 .note.GNU-stack
                0x0000000000000000        0x0 binaries/wait.o
 .note.GNU-stack
                0x0000000000000000        0x0 binaries/wakeup.o
 .note.GNU-stack
                0x0000000000000000        0x0 binaries/warning.o
 .note.GNU-stack
                0x0000000000000000        0x0 binaries/write.o
 .note.GNU-stack
                0x0000000000000000        0x0 binaries/xdone.o
 .note.GNU-stack
                0x0000000000000000        0x0 binaries/yield.o
 .note.GNU-stack
                0x0000000000000000        0x0 binaries/abs.o
 .note.GNU-stack
                0x0000000000000000        0x0 binaries/atoi.o
 .note.GNU-stack
                0x0000000000000000        0x0 binaries/atol.o
 .note.GNU-stack
                0x0000000000000000        0x0 binaries/bzero.o
 .note.GNU-stack
                0x0000000000000000        0x0 binaries/ctype_.o
 .note.GNU-stack
                0x0000000000000000        0x0 binaries/doprnt.o
 .note.GNU-stack
                0x0000000000000000        0x0 binaries/doscan.o
 .note.GNU-stack
                0x0000000000000000        0x0 binaries/fdoprnt.o
 .note.GNU-stack
                0x0000000000000000        0x0 binaries/fgetc.o
 .note.GNU-stack
                0x0000000000000000        0x0 binaries/fgets.o
 .note.GNU-stack
                0x0000000000000000        0x0 binaries/fprintf.o
 .note.GNU-stack
                0x0000000000000000        0x0 binaries/fputc.o
 .note.GNU-stack
                0x0000000000000000        0x0 binaries/fputs.o
 .note.GNU-stack
                0x0000000000000000        0x0 binaries/fscanf.o
 .note.GNU-stack
                0x0000000000000000        0x0 binaries/getchar.o
 .note.GNU-stack
                0x0000000000000000        0x0 binaries/labs.o
 .note.GNU-stack
                0x0000000000000000        0x0 binaries/memchr.o
 .note.GNU-stack
                0x0000000000000000        0x0 binaries/memcmp.o
 .note.GNU-stack
                0x0000000000000000        0x0 binaries/memcpy.o
 .note.GNU-stack
                0x0000000000000000        0x0 binaries/memset.o
 .note.GNU-stack
                0x0000000000000000        0x0 binaries/printf.o
 .note.GNU-stack
                0x0000000000000000        0x0 binaries/putchar.o
 .note.GNU-stack
                0x0000000000000000        0x0 binaries/qsort.o
 .note.GNU-stack
                0x0000000000000000        0x0 binaries/rand.o
 .note.GNU-stack
                0x0000000000000000        0x0 binaries/sprintf.o
 .note.GNU-stack
                0x0000000000000000        0x0 binaries/sscanf.o
 .note.GNU-stack
                0x0000000000000000        0x0 binaries/strchr.o
 .note.GNU-stack
                0x0000000000000000        0x0 binaries/strcmp.o
 .note.GNU-stack
                0x0000000000000000        0x0 binaries/strcpy.o
 .note.GNU-stack
                0x0000000000000000        0x0 binaries/strlen.o
 .note.GNU-stack
                0x0000000000000000        0x0 binaries/strncat.o
 .note.GNU-stack
                0x0000000000000000        0x0 binaries/strncmp.o
 .note.GNU-stack
                0x0000000000000000        0x0 binaries/strncpy.o
 .note.GNU-stack
                0x0000000000000000        0x0 binaries/strnlen.o
 .note.GNU-stack
                0x0000000000000000        0x0 binaries/strrchr.o
 .note.GNU-stack
                0x0000000000000000        0x0 binaries/strstr.o
 .note.GNU-stack
                0x0000000000000000        0x0 binaries/ttycontrol.o
 .note.GNU-stack
                0x0000000000000000        0x0 binaries/ttygetc.o
 .note.GNU-stack
                0x0000000000000000        0x0 binaries/ttyhandle_in.o
 .note.GNU-stack
                0x0000000000000000        0x0 binaries/ttyhandle_out.o
 .note.GNU-stack
                0x0000000000000000        0x0 binaries/ttyhandler.o
 .note.GNU-stack
                0x0000000000000000        0x0 binaries/ttyinit.o
 .note.GNU-stack
                0x0000000000000000        0x0 binaries/ttykickout.o
 .note.GNU-stack
                0x0000000000000000        0x0 binaries/ttyputc.o
 .note.GNU-stack
                0x0000000000000000        0x0 binaries/ttyread.o
 .note.GNU-stack
                0x0000000000000000        0x0 binaries/ttywrite.o
 .note.GNU-stack
                0x0000000000000000        0x0 binaries/mount.o
 .note.GNU-stack
                0x0000000000000000        0x0 binaries/naminit.o
 .note.GNU-stack
                0x0000000000000000        0x0 binaries/nammap.o
 .note.GNU-stack
                0x0000000000000000        0x0 binaries/namopen.o
 .note.GNU-stack
                0x0000000000000000        0x0 binaries/82545EMInit.o
 .note.GNU-stack
                0x0000000000000000        0x0 binaries/ethcontrol.o
 .note.GNU-stack
                0x0000000000000000        0x0 binaries/ethhandler.o
 .note.GNU-stack
                0x0000000000000000        0x0 binaries/ethinit.o
 .note.GNU-stack
                0x0000000000000000        0x0 binaries/ethread.o
 .note.GNU-stack
                0x0000000000000000        0x0 binaries/ethwrite.o
 .note.GNU-stack
                0x0000000000000000        0x0 binaries/rdsbufalloc.o
 .note.GNU-stack
                0x0000000000000000        0x0 binaries/rdsclose.o
 .note.GNU-stack
                0x0000000000000000        0x0 binaries/rdscomm.o
 .note.GNU-stack
                0x0000000000000000        0x0 binaries/rdscontrol.o
 .note.GNU-stack
                0x0000000000000000        0x0 binaries/rdsinit.o
 .note.GNU-stack
                0x0000000000000000        0x0 binaries/rdsopen.o
 .note.GNU-stack
                0x0000000000000000        0x0 binaries/rdsprocess.o
 .note.GNU-stack
                0x0000000000000000        0x0 binaries/rdsread.o
 .note.GNU-stack
                0x0000000000000000        0x0 binaries/rdswrite.o
 .note.GNU-stack
                0x0000000000000000        0x0 binaries/ramclose.o
 .note.GNU-stack
                0x0000000000000000        0x0 binaries/raminit.o
 .note.GNU-stack
                0x0000000000000000        0x0 binaries/ramopen.o
 .note.GNU-stack
                0x0000000000000000        0x0 binaries/ramread.o
 .note.GNU-stack
                0x0000000000000000        0x0 binaries/ramwrite.o
 .note.GNU-stack
                0x0000000000000000        0x0 binaries/lfdballoc.o
 .note.GNU-stack
                0x0000000000000000        0x0 binaries/lfdbfree.o
 .note.GNU-stack
                0x0000000000000000        0x0 binaries/lfflush.o
 .note.GNU-stack
                0x0000000000000000        0x0 binaries/lfgetmode.o
 .note.GNU-stack
                0x0000000000000000        0x0 binaries/lfiballoc.o
 .note.GNU-stack
                0x0000000000000000        0x0 binaries/lfibclear.o
 .note.GNU-stack
                0x0000000000000000        0x0 binaries/lfibget.o
 .note.GNU-stack
                0x0000000000000000        0x0 binaries/lfibput.o
 .note.GNU-stack
                0x0000000000000000        0x0 binaries/lflclose.o
 .note.GNU-stack
                0x0000000000000000        0x0 binaries/lflcontrol.o
 .note.GNU-stack
                0x0000000000000000        0x0 binaries/lflgetc.o
 .note.GNU-stack
                0x0000000000000000        0x0 binaries/lflinit.o
 .note.GNU-stack
                0x0000000000000000        0x0 binaries/lflputc.o
 .note.GNU-stack
                0x0000000000000000        0x0 binaries/lflread.o
 .note.GNU-stack
                0x0000000000000000        0x0 binaries/lflseek.o
 .note.GNU-stack
                0x0000000000000000        0x0 binaries/lflwrite.o
 .note.GNU-stack
                0x0000000000000000        0x0 binaries/lfscheck.o
 .note.GNU-stack
                0x0000000000000000        0x0 binaries/lfsckfmt.o
 .note.GNU-stack
                0x0000000000000000        0x0 binaries/lfscreate.o
 .note.GNU-stack
                0x0000000000000000        0x0 binaries/lfsetup.o
 .note.GNU-stack
                0x0000000000000000        0x0 binaries/lfsinit.o
 .note.GNU-stack
                0x0000000000000000        0x0 binaries/lfsopen.o
 .note.GNU-stack
                0x0000000000000000        0x0 binaries/lftruncate.o
 .note.GNU-stack
                0x0000000000000000        0x0 binaries/rflclose.o
 .note.GNU-stack
                0x0000000000000000        0x0 binaries/rflgetc.o
 .note.GNU-stack
                0x0000000000000000        0x0 binaries/rflinit.o
 .note.GNU-stack
                0x0000000000000000        0x0 binaries/rflputc.o
 .note.GNU-stack
                0x0000000000000000        0x0 binaries/rflread.o
 .note.GNU-stack
                0x0000000000000000        0x0 binaries/rflseek.o
 .note.GNU-stack
                0x0000000000000000        0x0 binaries/rflwrite.o
 .note.GNU-stack
                0x0000000000000000        0x0 binaries/rfscomm.o
 .note.GNU-stack
                0x0000000000000000        0x0 binaries/rfscontrol.o
 .note.GNU-stack
                0x0000000000000000        0x0 binaries/rfsgetmode.o
 .note.GNU-stack
                0x0000000000000000        0x0 binaries/rfsinit.o
 .note.GNU-stack
                0x0000000000000000        0x0 binaries/rfsndmsg.o
 .note.GNU-stack
                0x0000000000000000        0x0 binaries/rfsopen.o
 .note.GNU-stack
                0x0000000000000000        0x0 binaries/arp.o
 .note.GNU-stack
                0x0000000000000000        0x0 binaries/dhcp.o
 .note.GNU-stack
                0x0000000000000000        0x0 binaries/dns.o
 .note.GNU-stack
                0x0000000000000000        0x0 binaries/dot2ip.o
 .note.GNU-stack
                0x0000000000000000        0x0 binaries/hexdump.o
 .note.GNU-stack
                0x0000000000000000        0x0 binaries/icmp.o
 .note.GNU-stack
                0x0000000000000000        0x0 binaries/ip.o
 .note.GNU-stack
                0x0000000000000000        0x0 binaries/net.o
 .note.GNU-stack
                0x0000000000000000        0x0 binaries/pdump.o
 .note.GNU-stack
                0x0000000000000000        0x0 binaries/tftp.o
 .note.GNU-stack
                0x0000000000000000        0x0 binaries/udp.o
 .note.GNU-stack
                0x0000000000000000        0x0 binaries/addargs.o
 .note.GNU-stack
                0x0000000000000000        0x0 binaries/lexan.o
 .note.GNU-stack
                0x0000000000000000        0x0 binaries/shell.o
 .note.GNU-stack
                0x0000000000000000        0x0 binaries/xsh_argecho.o
 .note.GNU-stack
                0x0000000000000000        0x0 binaries/xsh_arp.o
 .note.GNU-stack
                0x0000000000000000        0x0 binaries/xsh_cat.o
 .note.GNU-stack
                0x0000000000000000        0x0 binaries/xsh_clear.o
 .note.GNU-stack
                0x0000000000000000        0x0 binaries/xsh_date.o
 .note.GNU-stack
                0x0000000000000000        0x0 binaries/xsh_devdump.o
 .note.GNU-stack
                0x0000000000000000        0x0 binaries/xsh_echo.o
 .note.GNU-stack
                0x0000000000000000        0x0 binaries/xsh_exit.o
 .note.GNU-stack
                0x0000000000000000        0x0 binaries/xsh_help.o
 .note.GNU-stack
                0x0000000000000000        0x0 binaries/xsh_kill.o
 .note.GNU-stack
                0x0000000000000000        0x0 binaries/xsh_memdump.o
 .note.GNU-stack
                0x0000000000000000        0x0 binaries/xsh_memstat.o
 .note.GNU-stack
                0x0000000000000000        0x0 binaries/xsh_netinfo.o
 .note.GNU-stack
                0x0000000000000000        0x0 binaries/xsh_ping.o
 .note.GNU-stack
                0x0000000000000000        0x0 binaries/xsh_ps.o
 .note.GNU-stack
                0x0000000000000000        0x0 binaries/xsh_sleep.o
 .note.GNU-stack
                0x0000000000000000        0x0 binaries/xsh_udpdump.o
 .note.GNU-stack
                0x0000000000000000        0x0 binaries/xsh_udpecho.o
 .note.GNU-stack
                0x0000000000000000        0x0 binaries/xsh_udpserver.o
 .note.GNU-stack
                0x0000000000000000        0x0 binaries/xsh_uptime.o
